Archive member included to satisfy reference by file (symbol)

c:/users/84935/stm32f103c8t6/tools/gcc-arm-none-eabi-10.3-2021.10-win32/gcc-arm-none-eabi-10.3-2021.10/bin/../lib/gcc/arm-none-eabi/10.3.1/../../../../arm-none-eabi/lib/thumb/v7-m/nofp\libc_nano.a(lib_a-atoi.o)
                              build/main.o (atoi)
c:/users/84935/stm32f103c8t6/tools/gcc-arm-none-eabi-10.3-2021.10-win32/gcc-arm-none-eabi-10.3-2021.10/bin/../lib/gcc/arm-none-eabi/10.3.1/../../../../arm-none-eabi/lib/thumb/v7-m/nofp\libc_nano.a(lib_a-exit.o)
                              c:/users/84935/stm32f103c8t6/tools/gcc-arm-none-eabi-10.3-2021.10-win32/gcc-arm-none-eabi-10.3-2021.10/bin/../lib/gcc/arm-none-eabi/10.3.1/../../../../arm-none-eabi/lib/thumb/v7-m/nofp/crt0.o (exit)
c:/users/84935/stm32f103c8t6/tools/gcc-arm-none-eabi-10.3-2021.10-win32/gcc-arm-none-eabi-10.3-2021.10/bin/../lib/gcc/arm-none-eabi/10.3.1/../../../../arm-none-eabi/lib/thumb/v7-m/nofp\libc_nano.a(lib_a-impure.o)
                              c:/users/84935/stm32f103c8t6/tools/gcc-arm-none-eabi-10.3-2021.10-win32/gcc-arm-none-eabi-10.3-2021.10/bin/../lib/gcc/arm-none-eabi/10.3.1/../../../../arm-none-eabi/lib/thumb/v7-m/nofp\libc_nano.a(lib_a-exit.o) (_global_impure_ptr)
c:/users/84935/stm32f103c8t6/tools/gcc-arm-none-eabi-10.3-2021.10-win32/gcc-arm-none-eabi-10.3-2021.10/bin/../lib/gcc/arm-none-eabi/10.3.1/../../../../arm-none-eabi/lib/thumb/v7-m/nofp\libc_nano.a(lib_a-init.o)
                              c:/users/84935/stm32f103c8t6/tools/gcc-arm-none-eabi-10.3-2021.10-win32/gcc-arm-none-eabi-10.3-2021.10/bin/../lib/gcc/arm-none-eabi/10.3.1/../../../../arm-none-eabi/lib/thumb/v7-m/nofp/crt0.o (__libc_init_array)
c:/users/84935/stm32f103c8t6/tools/gcc-arm-none-eabi-10.3-2021.10-win32/gcc-arm-none-eabi-10.3-2021.10/bin/../lib/gcc/arm-none-eabi/10.3.1/../../../../arm-none-eabi/lib/thumb/v7-m/nofp\libc_nano.a(lib_a-malloc.o)
                              build/Fuzzy_motor.o (malloc)
c:/users/84935/stm32f103c8t6/tools/gcc-arm-none-eabi-10.3-2021.10-win32/gcc-arm-none-eabi-10.3-2021.10/bin/../lib/gcc/arm-none-eabi/10.3.1/../../../../arm-none-eabi/lib/thumb/v7-m/nofp\libc_nano.a(lib_a-memset.o)
                              c:/users/84935/stm32f103c8t6/tools/gcc-arm-none-eabi-10.3-2021.10-win32/gcc-arm-none-eabi-10.3-2021.10/bin/../lib/gcc/arm-none-eabi/10.3.1/../../../../arm-none-eabi/lib/thumb/v7-m/nofp/crt0.o (memset)
c:/users/84935/stm32f103c8t6/tools/gcc-arm-none-eabi-10.3-2021.10-win32/gcc-arm-none-eabi-10.3-2021.10/bin/../lib/gcc/arm-none-eabi/10.3.1/../../../../arm-none-eabi/lib/thumb/v7-m/nofp\libc_nano.a(lib_a-nano-freer.o)
                              c:/users/84935/stm32f103c8t6/tools/gcc-arm-none-eabi-10.3-2021.10-win32/gcc-arm-none-eabi-10.3-2021.10/bin/../lib/gcc/arm-none-eabi/10.3.1/../../../../arm-none-eabi/lib/thumb/v7-m/nofp\libc_nano.a(lib_a-malloc.o) (_free_r)
c:/users/84935/stm32f103c8t6/tools/gcc-arm-none-eabi-10.3-2021.10-win32/gcc-arm-none-eabi-10.3-2021.10/bin/../lib/gcc/arm-none-eabi/10.3.1/../../../../arm-none-eabi/lib/thumb/v7-m/nofp\libc_nano.a(lib_a-nano-mallocr.o)
                              c:/users/84935/stm32f103c8t6/tools/gcc-arm-none-eabi-10.3-2021.10-win32/gcc-arm-none-eabi-10.3-2021.10/bin/../lib/gcc/arm-none-eabi/10.3.1/../../../../arm-none-eabi/lib/thumb/v7-m/nofp\libc_nano.a(lib_a-malloc.o) (_malloc_r)
c:/users/84935/stm32f103c8t6/tools/gcc-arm-none-eabi-10.3-2021.10-win32/gcc-arm-none-eabi-10.3-2021.10/bin/../lib/gcc/arm-none-eabi/10.3.1/../../../../arm-none-eabi/lib/thumb/v7-m/nofp\libc_nano.a(lib_a-nano-vfprintf_float.o)
                              (_printf_float)
c:/users/84935/stm32f103c8t6/tools/gcc-arm-none-eabi-10.3-2021.10-win32/gcc-arm-none-eabi-10.3-2021.10/bin/../lib/gcc/arm-none-eabi/10.3.1/../../../../arm-none-eabi/lib/thumb/v7-m/nofp\libc_nano.a(lib_a-nano-vfprintf_i.o)
                              c:/users/84935/stm32f103c8t6/tools/gcc-arm-none-eabi-10.3-2021.10-win32/gcc-arm-none-eabi-10.3-2021.10/bin/../lib/gcc/arm-none-eabi/10.3.1/../../../../arm-none-eabi/lib/thumb/v7-m/nofp\libc_nano.a(lib_a-nano-vfprintf_float.o) (_printf_common)
c:/users/84935/stm32f103c8t6/tools/gcc-arm-none-eabi-10.3-2021.10-win32/gcc-arm-none-eabi-10.3-2021.10/bin/../lib/gcc/arm-none-eabi/10.3.1/../../../../arm-none-eabi/lib/thumb/v7-m/nofp\libc_nano.a(lib_a-sbrkr.o)
                              c:/users/84935/stm32f103c8t6/tools/gcc-arm-none-eabi-10.3-2021.10-win32/gcc-arm-none-eabi-10.3-2021.10/bin/../lib/gcc/arm-none-eabi/10.3.1/../../../../arm-none-eabi/lib/thumb/v7-m/nofp\libc_nano.a(lib_a-nano-mallocr.o) (_sbrk_r)
c:/users/84935/stm32f103c8t6/tools/gcc-arm-none-eabi-10.3-2021.10-win32/gcc-arm-none-eabi-10.3-2021.10/bin/../lib/gcc/arm-none-eabi/10.3.1/../../../../arm-none-eabi/lib/thumb/v7-m/nofp\libc_nano.a(lib_a-sprintf.o)
                              build/main.o (sprintf)
[...]
Memory Configuration

Name             Origin             Length             Attributes
RAM              0x20000000         0x00005000         xrw
FLASH            0x08000000         0x00010000         xr
*default*        0x00000000         0xffffffff

Linker script and memory map

LOAD c:/users/84935/stm32f103c8t6/tools/gcc-arm-none-eabi-10.3-2021.10-win32/gcc-arm-none-eabi-10.3-2021.10/bin/../lib/gcc/arm-none-eabi/10.3.1/thumb/v7-m/nofp/crti.o
LOAD c:/users/84935/stm32f103c8t6/tools/gcc-arm-none-eabi-10.3-2021.10-win32/gcc-arm-none-eabi-10.3-2021.10/bin/../lib/gcc/arm-none-eabi/10.3.1/thumb/v7-m/nofp/crtbegin.o
LOAD c:/users/84935/stm32f103c8t6/tools/gcc-arm-none-eabi-10.3-2021.10-win32/gcc-arm-none-eabi-10.3-2021.10/bin/../lib/gcc/arm-none-eabi/10.3.1/../../../../arm-none-eabi/lib/thumb/v7-m/nofp/crt0.o
LOAD build/main.o
LOAD build/stm32f1xx_it.o
LOAD build/stm32f1xx_hal_msp.o
LOAD build/stm32f1xx_hal_gpio_ex.o
LOAD build/stm32f1xx_hal_tim.o
LOAD build/stm32f1xx_hal_tim_ex.o
LOAD build/stm32f1xx_hal.o
LOAD build/stm32f1xx_hal_rcc.o
LOAD build/stm32f1xx_hal_rcc_ex.o
LOAD build/stm32f1xx_hal_gpio.o
LOAD build/stm32f1xx_hal_dma.o
LOAD build/stm32f1xx_hal_cortex.o
LOAD build/stm32f1xx_hal_pwr.o
LOAD build/stm32f1xx_hal_flash.o
LOAD build/stm32f1xx_hal_flash_ex.o
LOAD build/stm32f1xx_hal_exti.o
LOAD build/stm32f1xx_hal_uart.o
LOAD build/system_stm32f1xx.o
LOAD build/Fuzzy_motor.o
LOAD build/Fuzzy_motor_cfg.o
LOAD build/STM32_UART.o
LOAD build/startup_stm32f103xb.o
LOAD c:/users/84935/stm32f103c8t6/tools/gcc-arm-none-eabi-10.3-2021.10-win32/gcc-arm-none-eabi-10.3-2021.10/bin/../lib/gcc/arm-none-eabi/10.3.1/../../../../arm-none-eabi/lib/thumb/v7-m/nofp\libc_nano.a
LOAD c:/users/84935/stm32f103c8t6/tools/gcc-arm-none-eabi-10.3-2021.10-win32/gcc-arm-none-eabi-10.3-2021.10/bin/../lib/gcc/arm-none-eabi/10.3.1/../../../../arm-none-eabi/lib/thumb/v7-m/nofp\libm.a
LOAD c:/users/84935/stm32f103c8t6/tools/gcc-arm-none-eabi-10.3-2021.10-win32/gcc-arm-none-eabi-10.3-2021.10/bin/../lib/gcc/arm-none-eabi/10.3.1/../../../../arm-none-eabi/lib/thumb/v7-m/nofp\libnosys.a
START GROUP
LOAD c:/users/84935/stm32f103c8t6/tools/gcc-arm-none-eabi-10.3-2021.10-win32/gcc-arm-none-eabi-10.3-2021.10/bin/../lib/gcc/arm-none-eabi/10.3.1/thumb/v7-m/nofp\libgcc.a
LOAD c:/users/84935/stm32f103c8t6/tools/gcc-arm-none-eabi-10.3-2021.10-win32/gcc-arm-none-eabi-10.3-2021.10/bin/../lib/gcc/arm-none-eabi/10.3.1/../../../../arm-none-eabi/lib/thumb/v7-m/nofp\libc_nano.a
END GROUP
START GROUP
LOAD c:/users/84935/stm32f103c8t6/tools/gcc-arm-none-eabi-10.3-2021.10-win32/gcc-arm-none-eabi-10.3-2021.10/bin/../lib/gcc/arm-none-eabi/10.3.1/thumb/v7-m/nofp\libgcc.a
LOAD c:/users/84935/stm32f103c8t6/tools/gcc-arm-none-eabi-10.3-2021.10-win32/gcc-arm-none-eabi-10.3-2021.10/bin/../lib/gcc/arm-none-eabi/10.3.1/../../../../arm-none-eabi/lib/thumb/v7-m/nofp\libc_nano.a
END GROUP
LOAD c:/users/84935/stm32f103c8t6/tools/gcc-arm-none-eabi-10.3-2021.10-win32/gcc-arm-none-eabi-10.3-2021.10/bin/../lib/gcc/arm-none-eabi/10.3.1/thumb/v7-m/nofp/crtend.o
LOAD c:/users/84935/stm32f103c8t6/tools/gcc-arm-none-eabi-10.3-2021.10-win32/gcc-arm-none-eabi-10.3-2021.10/bin/../lib/gcc/arm-none-eabi/10.3.1/thumb/v7-m/nofp/crtn.o
                0x20005000                _estack = (ORIGIN (RAM) + LENGTH (RAM))
                0x00000200                _Min_Heap_Size = 0x200
                0x00000400                _Min_Stack_Size = 0x400

.isr_vector     0x08000000      0x10c
                0x08000000                . = ALIGN (0x4)
 *(.isr_vector)
 .isr_vector    0x08000000      0x10c build/startup_stm32f103xb.o
                0x08000000                g_pfnVectors
                0x0800010c                . = ALIGN (0x4)

.text           0x08000110     0x71c4
                0x08000110                . = ALIGN (0x4)
 *(.text)
 .text          0x08000110       0x40 c:/users/84935/stm32f103c8t6/tools/gcc-arm-none-eabi-10.3-2021.10-win32/gcc-arm-none-eabi-10.3-2021.10/bin/../lib/gcc/arm-none-eabi/10.3.1/thumb/v7-m/nofp/crtbegin.o
 .text          0x08000150       0x10 c:/users/84935/stm32f103c8t6/tools/gcc-arm-none-eabi-10.3-2021.10-win32/gcc-arm-none-eabi-10.3-2021.10/bin/../lib/gcc/arm-none-eabi/10.3.1/../../../../arm-none-eabi/lib/thumb/v7-m/nofp\libc_nano.a(lib_a-strlen.o)
                0x08000150                strlen
 .text          0x08000160      0x378 c:/users/84935/stm32f103c8t6/tools/gcc-arm-none-eabi-10.3-2021.10-win32/gcc-arm-none-eabi-10.3-2021.10/bin/../lib/gcc/arm-none-eabi/10.3.1/thumb/v7-m/nofp\libgcc.a(_arm_addsubdf3.o)
                0x08000160                __aeabi_drsub
                0x08000168                __aeabi_dsub
                0x08000168                __subdf3
                0x0800016c                __aeabi_dadd
                0x0800016c                __adddf3
                0x080003e4                __floatunsidf
                0x080003e4                __aeabi_ui2d
                0x08000404                __floatsidf
                0x08000404                __aeabi_i2d
                0x08000428                __aeabi_f2d
                0x08000428                __extendsfdf2
                0x0800046c                __floatundidf
                0x0800046c                __aeabi_ul2d
                0x0800047c                __floatdidf
                0x0800047c                __aeabi_l2d
 .text          0x080004d8      0x424 c:/users/84935/stm32f103c8t6/tools/gcc-arm-none-eabi-10.3-2021.10-win32/gcc-arm-none-eabi-10.3-2021.10/bin/../lib/gcc/arm-none-eabi/10.3.1/thumb/v7-m/nofp\libgcc.a(_arm_muldivdf3.o)
                0x080004d8                __aeabi_dmul
                0x080004d8                __muldf3
                0x0800072c                __divdf3
                0x0800072c                __aeabi_ddiv
 .text          0x080008fc      0x110 c:/users/84935/stm32f103c8t6/tools/gcc-arm-none-eabi-10.3-2021.10-win32/gcc-arm-none-eabi-10.3-2021.10/bin/../lib/gcc/arm-none-eabi/10.3.1/thumb/v7-m/nofp\libgcc.a(_arm_cmpdf2.o)
                0x080008fc                __gtdf2
                0x080008fc                __gedf2
                0x08000904                __ltdf2
                0x08000904                __ledf2
                0x0800090c                __nedf2
                0x0800090c                __eqdf2
                0x0800090c                __cmpdf2
                0x08000988                __aeabi_cdrcmple
                0x08000998                __aeabi_cdcmpeq
                0x08000998                __aeabi_cdcmple
                0x080009a8                __aeabi_dcmpeq
                0x080009bc                __aeabi_dcmplt
                0x080009d0                __aeabi_dcmple
                0x080009e4                __aeabi_dcmpge
                0x080009f8                __aeabi_dcmpgt
 .text          0x08000a0c       0x2c c:/users/84935/stm32f103c8t6/tools/gcc-arm-none-eabi-10.3-2021.10-win32/gcc-arm-none-eabi-10.3-2021.10/bin/../lib/gcc/arm-none-eabi/10.3.1/thumb/v7-m/nofp\libgcc.a(_arm_unorddf2.o)
                0x08000a0c                __unorddf2
                0x08000a0c                __aeabi_dcmpun
 .text          0x08000a38       0x50 c:/users/84935/stm32f103c8t6/tools/gcc-arm-none-eabi-10.3-2021.10-win32/gcc-arm-none-eabi-10.3-2021.10/bin/../lib/gcc/arm-none-eabi/10.3.1/thumb/v7-m/nofp\libgcc.a(_arm_fixdfsi.o)
                0x08000a38                __aeabi_d2iz
                0x08000a38                __fixdfsi
 .text          0x08000a88       0x40 c:/users/84935/stm32f103c8t6/tools/gcc-arm-none-eabi-10.3-2021.10-win32/gcc-arm-none-eabi-10.3-2021.10/bin/../lib/gcc/arm-none-eabi/10.3.1/thumb/v7-m/nofp\libgcc.a(_arm_fixunsdfsi.o)
                0x08000a88                __aeabi_d2uiz
                0x08000a88                __fixunsdfsi
 .text          0x08000ac8       0xa0 c:/users/84935/stm32f103c8t6/tools/gcc-arm-none-eabi-10.3-2021.10-win32/gcc-arm-none-eabi-10.3-2021.10/bin/../lib/gcc/arm-none-eabi/10.3.1/thumb/v7-m/nofp\libgcc.a(_arm_truncdfsf2.o)
                0x08000ac8                __truncdfsf2
                0x08000ac8                __aeabi_d2f
 .text          0x08000b68      0x21c c:/users/84935/stm32f103c8t6/tools/gcc-arm-none-eabi-10.3-2021.10-win32/gcc-arm-none-eabi-10.3-2021.10/bin/../lib/gcc/arm-none-eabi/10.3.1/thumb/v7-m/nofp\libgcc.a(_arm_addsubsf3.o)
                0x08000b68                __aeabi_frsub
                0x08000b70                __subsf3
                0x08000b70                __aeabi_fsub
                0x08000b74                __aeabi_fadd
                0x08000b74                __addsf3
                0x08000cd4                __aeabi_ui2f
                0x08000cd4                __floatunsisf
                0x08000cdc                __aeabi_i2f
                0x08000cdc                __floatsisf
                0x08000cf8                __aeabi_ul2f
                0x08000cf8                __floatundisf
                0x08000d08                __aeabi_l2f
                0x08000d08                __floatdisf
 .text          0x08000d84      0x2a0 c:/users/84935/stm32f103c8t6/tools/gcc-arm-none-eabi-10.3-2021.10-win32/gcc-arm-none-eabi-10.3-2021.10/bin/../lib/gcc/arm-none-eabi/10.3.1/thumb/v7-m/nofp\libgcc.a(_arm_muldivsf3.o)
                0x08000d84                __mulsf3
                0x08000d84                __aeabi_fmul
                0x08000eec                __aeabi_fdiv
                0x08000eec                __divsf3
 .text          0x08001024       0xec c:/users/84935/stm32f103c8t6/tools/gcc-arm-none-eabi-10.3-2021.10-win32/gcc-arm-none-eabi-10.3-2021.10/bin/../lib/gcc/arm-none-eabi/10.3.1/thumb/v7-m/nofp\libgcc.a(_arm_cmpsf2.o)
                0x08001024                __gesf2
                0x08001024                __gtsf2
                0x0800102c                __lesf2
                0x0800102c                __ltsf2
                0x08001034                __nesf2
                0x08001034                __eqsf2
                0x08001034                __cmpsf2
                0x08001094                __aeabi_cfrcmple
                0x0800109c                __aeabi_cfcmpeq
                0x0800109c                __aeabi_cfcmple
                0x080010ac                __aeabi_fcmpeq
                0x080010c0                __aeabi_fcmplt
                0x080010d4                __aeabi_fcmple
                0x080010e8                __aeabi_fcmpge
                0x080010fc                __aeabi_fcmpgt
 .text          0x08001110       0x4c c:/users/84935/stm32f103c8t6/tools/gcc-arm-none-eabi-10.3-2021.10-win32/gcc-arm-none-eabi-10.3-2021.10/bin/../lib/gcc/arm-none-eabi/10.3.1/thumb/v7-m/nofp\libgcc.a(_arm_fixsfsi.o)
                0x08001110                __aeabi_f2iz
                0x08001110                __fixsfsi
 *(.text*)
 .text.MX_GPIO_Init
                0x0800115c       0x44 build/main.o
 .text.commandHandling
                0x080011a0       0xb4 build/main.o
 .text.MX_DMA_Init
                0x08001254       0x34 build/main.o
 .text.HAL_TIM_PeriodElapsedCallback
                0x08001288       0xc0 build/main.o
                0x08001288                HAL_TIM_PeriodElapsedCallback
 .text.HAL_UARTEx_RxEventCallback
                0x08001348       0x3c build/main.o
                0x08001348                HAL_UARTEx_RxEventCallback
 .text.Error_Handler
                0x08001384        0x4 build/main.o
                0x08001384                Error_Handler
 .text.MX_TIM1_Init
                0x08001388       0x70 build/main.o
 .text.MX_TIM2_Init
                0x080013f8       0x68 build/main.o
 .text.MX_TIM4_Init
                0x08001460       0xa4 build/main.o
 .text.MX_USART1_UART_Init
                0x08001504       0x34 build/main.o
 .text.SystemClock_Config
                0x08001538       0x64 build/main.o
                0x08001538                SystemClock_Config
 .text.main     0x0800159c       0x80 build/main.o
                0x0800159c                main
 .text.NMI_Handler
                0x0800161c        0x2 build/stm32f1xx_it.o
                0x0800161c                NMI_Handler
 .text.HardFault_Handler
                0x0800161e        0x2 build/stm32f1xx_it.o
                0x0800161e                HardFault_Handler
 .text.MemManage_Handler
                0x08001620        0x2 build/stm32f1xx_it.o
                0x08001620                MemManage_Handler
 .text.BusFault_Handler
                0x08001622        0x2 build/stm32f1xx_it.o
                0x08001622                BusFault_Handler
 .text.UsageFault_Handler
                0x08001624        0x2 build/stm32f1xx_it.o
                0x08001624                UsageFault_Handler
 .text.SVC_Handler
                0x08001626        0x2 build/stm32f1xx_it.o
                0x08001626                SVC_Handler
 .text.DebugMon_Handler
                0x08001628        0x2 build/stm32f1xx_it.o
                0x08001628                DebugMon_Handler
 .text.PendSV_Handler
                0x0800162a        0x2 build/stm32f1xx_it.o
                0x0800162a                PendSV_Handler
 .text.SysTick_Handler
                0x0800162c        0x8 build/stm32f1xx_it.o
                0x0800162c                SysTick_Handler
 .text.DMA1_Channel5_IRQHandler
                0x08001634       0x10 build/stm32f1xx_it.o
                0x08001634                DMA1_Channel5_IRQHandler
 .text.TIM1_UP_IRQHandler
                0x08001644       0x10 build/stm32f1xx_it.o
                0x08001644                TIM1_UP_IRQHandler
 .text.USART1_IRQHandler
                0x08001654       0x10 build/stm32f1xx_it.o
                0x08001654                USART1_IRQHandler
 .text.HAL_MspInit
                0x08001664       0x30 build/stm32f1xx_hal_msp.o
                0x08001664                HAL_MspInit
 .text.HAL_TIM_Base_MspInit
                0x08001694       0x60 build/stm32f1xx_hal_msp.o
                0x08001694                HAL_TIM_Base_MspInit
 .text.HAL_TIM_Encoder_MspInit
                0x080016f4       0x58 build/stm32f1xx_hal_msp.o
                0x080016f4                HAL_TIM_Encoder_MspInit
 .text.HAL_TIM_MspPostInit
                0x0800174c       0x50 build/stm32f1xx_hal_msp.o
                0x0800174c                HAL_TIM_MspPostInit
 .text.HAL_UART_MspInit
                0x0800179c       0xbc build/stm32f1xx_hal_msp.o
                0x0800179c                HAL_UART_MspInit
 .text.TIM_OC1_SetConfig
                0x08001858       0x5c build/stm32f1xx_hal_tim.o
 .text.TIM_OC3_SetConfig
                0x080018b4       0x64 build/stm32f1xx_hal_tim.o
 .text.TIM_OC4_SetConfig
                0x08001918       0x48 build/stm32f1xx_hal_tim.o
 .text.TIM_TI1_ConfigInputStage
                0x08001960       0x24 build/stm32f1xx_hal_tim.o
 .text.TIM_TI2_ConfigInputStage
                0x08001984       0x26 build/stm32f1xx_hal_tim.o
 .text.TIM_ITRx_SetConfig
                0x080019aa       0x10 build/stm32f1xx_hal_tim.o
 *fill*         0x080019ba        0x2 
 .text.HAL_TIM_Base_Start_IT
                0x080019bc       0x68 build/stm32f1xx_hal_tim.o
                0x080019bc                HAL_TIM_Base_Start_IT
 .text.HAL_TIM_Base_Stop_IT
                0x08001a24       0x32 build/stm32f1xx_hal_tim.o
                0x08001a24                HAL_TIM_Base_Stop_IT
 .text.HAL_TIM_PWM_MspInit
                0x08001a56        0x2 build/stm32f1xx_hal_tim.o
                0x08001a56                HAL_TIM_PWM_MspInit
 .text.HAL_TIM_OC_DelayElapsedCallback
                0x08001a58        0x2 build/stm32f1xx_hal_tim.o
                0x08001a58                HAL_TIM_OC_DelayElapsedCallback
 .text.HAL_TIM_IC_CaptureCallback
                0x08001a5a        0x2 build/stm32f1xx_hal_tim.o
                0x08001a5a                HAL_TIM_IC_CaptureCallback
 .text.HAL_TIM_PWM_PulseFinishedCallback
                0x08001a5c        0x2 build/stm32f1xx_hal_tim.o
                0x08001a5c                HAL_TIM_PWM_PulseFinishedCallback
 .text.HAL_TIM_TriggerCallback
                0x08001a5e        0x2 build/stm32f1xx_hal_tim.o
                0x08001a5e                HAL_TIM_TriggerCallback
 .text.HAL_TIM_IRQHandler
                0x08001a60      0x17a build/stm32f1xx_hal_tim.o
                0x08001a60                HAL_TIM_IRQHandler
 *fill*         0x08001bda        0x2 
 .text.TIM_Base_SetConfig
                0x08001bdc       0x74 build/stm32f1xx_hal_tim.o
                0x08001bdc                TIM_Base_SetConfig
 .text.HAL_TIM_Base_Init
                0x08001c50       0x58 build/stm32f1xx_hal_tim.o
                0x08001c50                HAL_TIM_Base_Init
 .text.HAL_TIM_PWM_Init
                0x08001ca8       0x58 build/stm32f1xx_hal_tim.o
                0x08001ca8                HAL_TIM_PWM_Init
 .text.HAL_TIM_Encoder_Init
                0x08001d00       0xb8 build/stm32f1xx_hal_tim.o
                0x08001d00                HAL_TIM_Encoder_Init
 .text.TIM_OC2_SetConfig
                0x08001db8       0x64 build/stm32f1xx_hal_tim.o
                0x08001db8                TIM_OC2_SetConfig
 .text.HAL_TIM_PWM_ConfigChannel
                0x08001e1c       0xdc build/stm32f1xx_hal_tim.o
                0x08001e1c                HAL_TIM_PWM_ConfigChannel
 .text.TIM_ETR_SetConfig
                0x08001ef8       0x18 build/stm32f1xx_hal_tim.o
                0x08001ef8                TIM_ETR_SetConfig
 .text.HAL_TIM_ConfigClockSource
                0x08001f10       0xfe build/stm32f1xx_hal_tim.o
                0x08001f10                HAL_TIM_ConfigClockSource
 .text.TIM_CCxChannelCmd
                0x0800200e       0x1e build/stm32f1xx_hal_tim.o
                0x0800200e                TIM_CCxChannelCmd
 .text.HAL_TIM_PWM_Start
                0x0800202c       0xdc build/stm32f1xx_hal_tim.o
                0x0800202c                HAL_TIM_PWM_Start
 .text.HAL_TIM_Encoder_Start
                0x08002108       0xcc build/stm32f1xx_hal_tim.o
                0x08002108                HAL_TIM_Encoder_Start
 .text.HAL_TIMEx_MasterConfigSynchronization
                0x080021d4       0x6c build/stm32f1xx_hal_tim_ex.o
                0x080021d4                HAL_TIMEx_MasterConfigSynchronization
 .text.HAL_TIMEx_CommutCallback
                0x08002240        0x2 build/stm32f1xx_hal_tim_ex.o
                0x08002240                HAL_TIMEx_CommutCallback
 .text.HAL_TIMEx_BreakCallback
                0x08002242        0x2 build/stm32f1xx_hal_tim_ex.o
                0x08002242                HAL_TIMEx_BreakCallback
 .text.HAL_InitTick
                0x08002244       0x4c build/stm32f1xx_hal.o
                0x08002244                HAL_InitTick
 .text.HAL_Init
                0x08002290       0x24 build/stm32f1xx_hal.o
                0x08002290                HAL_Init
 .text.HAL_IncTick
                0x080022b4       0x18 build/stm32f1xx_hal.o
                0x080022b4                HAL_IncTick
 .text.HAL_GetTick
                0x080022cc        0xc build/stm32f1xx_hal.o
                0x080022cc                HAL_GetTick
 .text.HAL_Delay
                0x080022d8       0x28 build/stm32f1xx_hal.o
                0x080022d8                HAL_Delay
 .text.RCC_Delay
                0x08002300       0x2c build/stm32f1xx_hal_rcc.o
 .text.HAL_RCC_OscConfig
                0x0800232c      0x410 build/stm32f1xx_hal_rcc.o
                0x0800232c                HAL_RCC_OscConfig
 .text.HAL_RCC_GetSysClockFreq
                0x0800273c       0x54 build/stm32f1xx_hal_rcc.o
                0x0800273c                HAL_RCC_GetSysClockFreq
 .text.HAL_RCC_ClockConfig
                0x08002790      0x16c build/stm32f1xx_hal_rcc.o
                0x08002790                HAL_RCC_ClockConfig
 .text.HAL_RCC_GetHCLKFreq
                0x080028fc        0xc build/stm32f1xx_hal_rcc.o
                0x080028fc                HAL_RCC_GetHCLKFreq
 .text.HAL_RCC_GetPCLK1Freq
                0x08002908       0x20 build/stm32f1xx_hal_rcc.o
                0x08002908                HAL_RCC_GetPCLK1Freq
 .text.HAL_RCC_GetPCLK2Freq
                0x08002928       0x20 build/stm32f1xx_hal_rcc.o
                0x08002928                HAL_RCC_GetPCLK2Freq
 .text.HAL_GPIO_Init
                0x08002948      0x224 build/stm32f1xx_hal_gpio.o
                0x08002948                HAL_GPIO_Init
 .text.HAL_GPIO_WritePin
                0x08002b6c        0xc build/stm32f1xx_hal_gpio.o
                0x08002b6c                HAL_GPIO_WritePin
 .text.DMA_SetConfig
                0x08002b78       0x2c build/stm32f1xx_hal_dma.o
 .text.HAL_DMA_Init
                0x08002ba4       0x6c build/stm32f1xx_hal_dma.o
                0x08002ba4                HAL_DMA_Init
 .text.HAL_DMA_Start_IT
                0x08002c10       0x76 build/stm32f1xx_hal_dma.o
                0x08002c10                HAL_DMA_Start_IT
 .text.HAL_DMA_Abort
                0x08002c86       0x46 build/stm32f1xx_hal_dma.o
                0x08002c86                HAL_DMA_Abort
 .text.HAL_DMA_Abort_IT
                0x08002ccc       0x98 build/stm32f1xx_hal_dma.o
                0x08002ccc                HAL_DMA_Abort_IT
 .text.HAL_DMA_IRQHandler
                0x08002d64      0x144 build/stm32f1xx_hal_dma.o
                0x08002d64                HAL_DMA_IRQHandler
 .text.HAL_NVIC_SetPriorityGrouping
                0x08002ea8       0x24 build/stm32f1xx_hal_cortex.o
                0x08002ea8                HAL_NVIC_SetPriorityGrouping
 .text.HAL_NVIC_SetPriority
                0x08002ecc       0x70 build/stm32f1xx_hal_cortex.o
                0x08002ecc                HAL_NVIC_SetPriority
 .text.HAL_NVIC_EnableIRQ
                0x08002f3c       0x1c build/stm32f1xx_hal_cortex.o
                0x08002f3c                HAL_NVIC_EnableIRQ
 .text.HAL_SYSTICK_Config
                0x08002f58       0x28 build/stm32f1xx_hal_cortex.o
                0x08002f58                HAL_SYSTICK_Config
 .text.UART_EndTxTransfer
                0x08002f80       0x20 build/stm32f1xx_hal_uart.o
 .text.UART_EndRxTransfer
                0x08002fa0       0x5c build/stm32f1xx_hal_uart.o
 .text.UART_Transmit_IT
                0x08002ffc       0x60 build/stm32f1xx_hal_uart.o
 .text.UART_SetConfig
                0x0800305c       0x94 build/stm32f1xx_hal_uart.o
 .text.UART_WaitOnFlagUntilTimeout
                0x080030f0       0x88 build/stm32f1xx_hal_uart.o
 .text.HAL_UART_Init
                0x08003178       0x60 build/stm32f1xx_hal_uart.o
                0x08003178                HAL_UART_Init
 .text.HAL_UART_Transmit
                0x080031d8       0xbe build/stm32f1xx_hal_uart.o
                0x080031d8                HAL_UART_Transmit
 .text.HAL_UART_TxCpltCallback
                0x08003296        0x2 build/stm32f1xx_hal_uart.o
                0x08003296                HAL_UART_TxCpltCallback
 .text.UART_EndTransmit_IT
                0x08003298       0x1a build/stm32f1xx_hal_uart.o
 .text.HAL_UART_RxCpltCallback
                0x080032b2        0x2 build/stm32f1xx_hal_uart.o
                0x080032b2                HAL_UART_RxCpltCallback
 .text.HAL_UART_RxHalfCpltCallback
                0x080032b4        0x2 build/stm32f1xx_hal_uart.o
                0x080032b4                HAL_UART_RxHalfCpltCallback
 .text.HAL_UART_ErrorCallback
                0x080032b6        0x2 build/stm32f1xx_hal_uart.o
                0x080032b6                HAL_UART_ErrorCallback
 .text.UART_DMAError
                0x080032b8       0x58 build/stm32f1xx_hal_uart.o
 .text.UART_DMAAbortOnError
                0x08003310       0x10 build/stm32f1xx_hal_uart.o
 .text.UART_Receive_IT
                0x08003320       0xe6 build/stm32f1xx_hal_uart.o
 *fill*         0x08003406        0x2 
 .text.HAL_UART_IRQHandler
                0x08003408      0x288 build/stm32f1xx_hal_uart.o
                0x08003408                HAL_UART_IRQHandler
 .text.UART_DMARxHalfCplt
                0x08003690       0x1e build/stm32f1xx_hal_uart.o
 .text.UART_DMAReceiveCplt
                0x080036ae       0x9a build/stm32f1xx_hal_uart.o
 .text.UART_Start_Receive_DMA
                0x08003748       0xa4 build/stm32f1xx_hal_uart.o
                0x08003748                UART_Start_Receive_DMA
 .text.HAL_UARTEx_ReceiveToIdle_DMA
                0x080037ec       0x66 build/stm32f1xx_hal_uart.o
                0x080037ec                HAL_UARTEx_ReceiveToIdle_DMA
 .text.SystemInit
                0x08003852        0x2 build/system_stm32f1xx.o
                0x08003852                SystemInit
 .text.dutyCycleUpdate
                0x08003854       0x26 build/Fuzzy_motor.o
 .text.readEncoder
                0x0800387a        0x8 build/Fuzzy_motor.o
 .text.getErrorFeedback
                0x08003882       0xca build/Fuzzy_motor.o
 .text.degreeofMembership
                0x0800394c      0x162 build/Fuzzy_motor.o
 .text.fuzzification
                0x08003aae       0x1e build/Fuzzy_motor.o
 .text.fuzzyRuleInference
                0x08003acc       0x58 build/Fuzzy_motor.o
 .text.mfArea   0x08003b24       0x32 build/Fuzzy_motor.o
 .text.defuzzification
                0x08003b56       0x74 build/Fuzzy_motor.o
 .text.fuzzyReset
                0x08003bca       0x28 build/Fuzzy_motor.o
 .text.ruleElementInit
                0x08003bf2       0x14 build/Fuzzy_motor.o
 .text.ruleBaseInit
                0x08003c06       0x16 build/Fuzzy_motor.o
 .text.mfInit   0x08003c1c       0x32 build/Fuzzy_motor.o
 .text.ioInit   0x08003c4e       0x22 build/Fuzzy_motor.o
 .text.motorBrake
                0x08003c70       0x22 build/Fuzzy_motor.o
 .text.motorHardwareControl
                0x08003c92       0x94 build/Fuzzy_motor.o
 *fill*         0x08003d26        0x2 
 .text.motorInit
                0x08003d28      0x140 build/Fuzzy_motor.o
 .text.inputSpeedHandling
                0x08003e68       0x68 build/Fuzzy_motor.o
                0x08003e68                inputSpeedHandling
 .text.fuzzySystemInit
                0x08003ed0      0x300 build/Fuzzy_motor.o
                0x08003ed0                fuzzySystemInit
 .text.fuzzySpeedControl
                0x080041d0       0x3a build/Fuzzy_motor.o
                0x080041d0                fuzzySpeedControl
 .text.STM32_UART_IDLE_Start
                0x0800420a       0x18 build/STM32_UART.o
                0x0800420a                STM32_UART_IDLE_Start
 .text.STM32_UART_sendString
                0x08004222       0x1a build/STM32_UART.o
                0x08004222                STM32_UART_sendString
 .text.Reset_Handler
                0x0800423c       0x48 build/startup_stm32f103xb.o
                0x0800423c                Reset_Handler
 .text.Default_Handler
                0x08004284        0x2 build/startup_stm32f103xb.o
                0x08004284                RTC_Alarm_IRQHandler
                0x08004284                EXTI2_IRQHandler
                0x08004284                TIM1_CC_IRQHandler
                0x08004284                PVD_IRQHandler
                0x08004284                EXTI3_IRQHandler
                0x08004284                EXTI0_IRQHandler
                0x08004284                I2C2_EV_IRQHandler
                0x08004284                ADC1_2_IRQHandler
                0x08004284                SPI1_IRQHandler
                0x08004284                TAMPER_IRQHandler
                0x08004284                DMA1_Channel4_IRQHandler
                0x08004284                USART3_IRQHandler
                0x08004284                RTC_IRQHandler
                0x08004284                DMA1_Channel7_IRQHandler
                0x08004284                CAN1_RX1_IRQHandler
                0x08004284                TIM4_IRQHandler
                0x08004284                I2C1_EV_IRQHandler
                0x08004284                DMA1_Channel6_IRQHandler
                0x08004284                TIM3_IRQHandler
                0x08004284                RCC_IRQHandler
                0x08004284                TIM1_TRG_COM_IRQHandler
                0x08004284                DMA1_Channel1_IRQHandler
                0x08004284                Default_Handler
                0x08004284                EXTI15_10_IRQHandler
                0x08004284                EXTI9_5_IRQHandler
                0x08004284                SPI2_IRQHandler
                0x08004284                EXTI4_IRQHandler
                0x08004284                USB_LP_CAN1_RX0_IRQHandler
                0x08004284                USB_HP_CAN1_TX_IRQHandler
                0x08004284                DMA1_Channel3_IRQHandler
                0x08004284                WWDG_IRQHandler
                0x08004284                TIM2_IRQHandler
                0x08004284                TIM1_BRK_IRQHandler
                0x08004284                EXTI1_IRQHandler
                0x08004284                USART2_IRQHandler
                0x08004284                I2C2_ER_IRQHandler
                0x08004284                DMA1_Channel2_IRQHandler
                0x08004284                CAN1_SCE_IRQHandler
                0x08004284                FLASH_IRQHandler
                0x08004284                I2C1_ER_IRQHandler
                0x08004284                USBWakeUp_IRQHandler
 .text.atoi     0x08004286        0x8 c:/users/84935/stm32f103c8t6/tools/gcc-arm-none-eabi-10.3-2021.10-win32/gcc-arm-none-eabi-10.3-2021.10/bin/../lib/gcc/arm-none-eabi/10.3.1/../../../../arm-none-eabi/lib/thumb/v7-m/nofp\libc_nano.a(lib_a-atoi.o)
                0x08004286                atoi
 *fill*         0x0800428e        0x2 
 .text.__libc_init_array
                0x08004290       0x48 c:/users/84935/stm32f103c8t6/tools/gcc-arm-none-eabi-10.3-2021.10-win32/gcc-arm-none-eabi-10.3-2021.10/bin/../lib/gcc/arm-none-eabi/10.3.1/../../../../arm-none-eabi/lib/thumb/v7-m/nofp\libc_nano.a(lib_a-init.o)
                0x08004290                __libc_init_array
 .text.malloc   0x080042d8       0x10 c:/users/84935/stm32f103c8t6/tools/gcc-arm-none-eabi-10.3-2021.10-win32/gcc-arm-none-eabi-10.3-2021.10/bin/../lib/gcc/arm-none-eabi/10.3.1/../../../../arm-none-eabi/lib/thumb/v7-m/nofp\libc_nano.a(lib_a-malloc.o)
                0x080042d8                malloc
 .text.memset   0x080042e8       0x10 c:/users/84935/stm32f103c8t6/tools/gcc-arm-none-eabi-10.3-2021.10-win32/gcc-arm-none-eabi-10.3-2021.10/bin/../lib/gcc/arm-none-eabi/10.3.1/../../../../arm-none-eabi/lib/thumb/v7-m/nofp\libc_nano.a(lib_a-memset.o)
                0x080042e8                memset
 .text._free_r  0x080042f8       0x90 c:/users/84935/stm32f103c8t6/tools/gcc-arm-none-eabi-10.3-2021.10-win32/gcc-arm-none-eabi-10.3-2021.10/bin/../lib/gcc/arm-none-eabi/10.3.1/../../../../arm-none-eabi/lib/thumb/v7-m/nofp\libc_nano.a(lib_a-nano-freer.o)
                0x080042f8                _free_r
 .text.sbrk_aligned
                0x08004388       0x40 c:/users/84935/stm32f103c8t6/tools/gcc-arm-none-eabi-10.3-2021.10-win32/gcc-arm-none-eabi-10.3-2021.10/bin/../lib/gcc/arm-none-eabi/10.3.1/../../../../arm-none-eabi/lib/thumb/v7-m/nofp\libc_nano.a(lib_a-nano-mallocr.o)
 .text._malloc_r
                0x080043c8       0xe8 c:/users/84935/stm32f103c8t6/tools/gcc-arm-none-eabi-10.3-2021.10-win32/gcc-arm-none-eabi-10.3-2021.10/bin/../lib/gcc/arm-none-eabi/10.3.1/../../../../arm-none-eabi/lib/thumb/v7-m/nofp\libc_nano.a(lib_a-nano-mallocr.o)
                0x080043c8                _malloc_r
 .text.__cvt    0x080044b0       0xbe c:/users/84935/stm32f103c8t6/tools/gcc-arm-none-eabi-10.3-2021.10-win32/gcc-arm-none-eabi-10.3-2021.10/bin/../lib/gcc/arm-none-eabi/10.3.1/../../../../arm-none-eabi/lib/thumb/v7-m/nofp\libc_nano.a(lib_a-nano-vfprintf_float.o)
                0x080044b0                __cvt
 .text.__exponent
                0x0800456e       0x7c c:/users/84935/stm32f103c8t6/tools/gcc-arm-none-eabi-10.3-2021.10-win32/gcc-arm-none-eabi-10.3-2021.10/bin/../lib/gcc/arm-none-eabi/10.3.1/../../../../arm-none-eabi/lib/thumb/v7-m/nofp\libc_nano.a(lib_a-nano-vfprintf_float.o)
                0x0800456e                __exponent
 *fill*         0x080045ea        0x2 
 .text._printf_float
                0x080045ec      0x458 c:/users/84935/stm32f103c8t6/tools/gcc-arm-none-eabi-10.3-2021.10-win32/gcc-arm-none-eabi-10.3-2021.10/bin/../lib/gcc/arm-none-eabi/10.3.1/../../../../arm-none-eabi/lib/thumb/v7-m/nofp\libc_nano.a(lib_a-nano-vfprintf_float.o)
                0x080045ec                _printf_float
 .text._printf_common
                0x08004a44       0xde c:/users/84935/stm32f103c8t6/tools/gcc-arm-none-eabi-10.3-2021.10-win32/gcc-arm-none-eabi-10.3-2021.10/bin/../lib/gcc/arm-none-eabi/10.3.1/../../../../arm-none-eabi/lib/thumb/v7-m/nofp\libc_nano.a(lib_a-nano-vfprintf_i.o)
                0x08004a44                _printf_common
 *fill*         0x08004b22        0x2 
 .text._printf_i
                0x08004b24      0x24c c:/users/84935/stm32f103c8t6/tools/gcc-arm-none-eabi-10.3-2021.10-win32/gcc-arm-none-eabi-10.3-2021.10/bin/../lib/gcc/arm-none-eabi/10.3.1/../../../../arm-none-eabi/lib/thumb/v7-m/nofp\libc_nano.a(lib_a-nano-vfprintf_i.o)
                0x08004b24                _printf_i
 .text._sbrk_r  0x08004d70       0x20 c:/users/84935/stm32f103c8t6/tools/gcc-arm-none-eabi-10.3-2021.10-win32/gcc-arm-none-eabi-10.3-2021.10/bin/../lib/gcc/arm-none-eabi/10.3.1/../../../../arm-none-eabi/lib/thumb/v7-m/nofp\libc_nano.a(lib_a-sbrkr.o)
                0x08004d70                _sbrk_r
 .text.sprintf  0x08004d90       0x40 c:/users/84935/stm32f103c8t6/tools/gcc-arm-none-eabi-10.3-2021.10-win32/gcc-arm-none-eabi-10.3-2021.10/bin/../lib/gcc/arm-none-eabi/10.3.1/../../../../arm-none-eabi/lib/thumb/v7-m/nofp\libc_nano.a(lib_a-sprintf.o)
                0x08004d90                siprintf
                0x08004d90                sprintf
 .text.strcpy   0x08004dd0       0x10 c:/users/84935/stm32f103c8t6/tools/gcc-arm-none-eabi-10.3-2021.10-win32/gcc-arm-none-eabi-10.3-2021.10/bin/../lib/gcc/arm-none-eabi/10.3.1/../../../../arm-none-eabi/lib/thumb/v7-m/nofp\libc_nano.a(lib_a-strcpy.o)
                0x08004dd0                strcpy
 .text.__strtok_r
                0x08004de0       0x50 c:/users/84935/stm32f103c8t6/tools/gcc-arm-none-eabi-10.3-2021.10-win32/gcc-arm-none-eabi-10.3-2021.10/bin/../lib/gcc/arm-none-eabi/10.3.1/../../../../arm-none-eabi/lib/thumb/v7-m/nofp\libc_nano.a(lib_a-strtok_r.o)
                0x08004de0                __strtok_r
 .text.strtok_r
                0x08004e30        0x6 c:/users/84935/stm32f103c8t6/tools/gcc-arm-none-eabi-10.3-2021.10-win32/gcc-arm-none-eabi-10.3-2021.10/bin/../lib/gcc/arm-none-eabi/10.3.1/../../../../arm-none-eabi/lib/thumb/v7-m/nofp\libc_nano.a(lib_a-strtok_r.o)
                0x08004e30                strtok_r
 *fill*         0x08004e36        0x2 
 .text._strtol_l.constprop.0
                0x08004e38       0xf8 c:/users/84935/stm32f103c8t6/tools/gcc-arm-none-eabi-10.3-2021.10-win32/gcc-arm-none-eabi-10.3-2021.10/bin/../lib/gcc/arm-none-eabi/10.3.1/../../../../arm-none-eabi/lib/thumb/v7-m/nofp\libc_nano.a(lib_a-strtol.o)
 .text.strtol   0x08004f30       0x14 c:/users/84935/stm32f103c8t6/tools/gcc-arm-none-eabi-10.3-2021.10-win32/gcc-arm-none-eabi-10.3-2021.10/bin/../lib/gcc/arm-none-eabi/10.3.1/../../../../arm-none-eabi/lib/thumb/v7-m/nofp\libc_nano.a(lib_a-strtol.o)
                0x08004f30                strtol
 .text.quorem   0x08004f44      0x118 c:/users/84935/stm32f103c8t6/tools/gcc-arm-none-eabi-10.3-2021.10-win32/gcc-arm-none-eabi-10.3-2021.10/bin/../lib/gcc/arm-none-eabi/10.3.1/../../../../arm-none-eabi/lib/thumb/v7-m/nofp\libc_nano.a(lib_a-dtoa.o)
 *fill*         0x0800505c        0x4 
 .text._dtoa_r  0x08005060      0xbdc c:/users/84935/stm32f103c8t6/tools/gcc-arm-none-eabi-10.3-2021.10-win32/gcc-arm-none-eabi-10.3-2021.10/bin/../lib/gcc/arm-none-eabi/10.3.1/../../../../arm-none-eabi/lib/thumb/v7-m/nofp\libc_nano.a(lib_a-dtoa.o)
                0x08005060                _dtoa_r
 .text.__errno  0x08005c3c        0xc c:/users/84935/stm32f103c8t6/tools/gcc-arm-none-eabi-10.3-2021.10-win32/gcc-arm-none-eabi-10.3-2021.10/bin/../lib/gcc/arm-none-eabi/10.3.1/../../../../arm-none-eabi/lib/thumb/v7-m/nofp\libc_nano.a(lib_a-errno.o)
                0x08005c3c                __errno
 .text._localeconv_r
                0x08005c48        0x8 c:/users/84935/stm32f103c8t6/tools/gcc-arm-none-eabi-10.3-2021.10-win32/gcc-arm-none-eabi-10.3-2021.10/bin/../lib/gcc/arm-none-eabi/10.3.1/../../../../arm-none-eabi/lib/thumb/v7-m/nofp\libc_nano.a(lib_a-localeconv.o)
                0x08005c48                _localeconv_r
 .text.memchr   0x08005c50       0x1c c:/users/84935/stm32f103c8t6/tools/gcc-arm-none-eabi-10.3-2021.10-win32/gcc-arm-none-eabi-10.3-2021.10/bin/../lib/gcc/arm-none-eabi/10.3.1/../../../../arm-none-eabi/lib/thumb/v7-m/nofp\libc_nano.a(lib_a-memchr-stub.o)
                0x08005c50                memchr
 .text.memcpy   0x08005c6c       0x1c c:/users/84935/stm32f103c8t6/tools/gcc-arm-none-eabi-10.3-2021.10-win32/gcc-arm-none-eabi-10.3-2021.10/bin/../lib/gcc/arm-none-eabi/10.3.1/../../../../arm-none-eabi/lib/thumb/v7-m/nofp\libc_nano.a(lib_a-memcpy-stub.o)
                0x08005c6c                memcpy
 .text.__malloc_lock
                0x08005c88        0xc c:/users/84935/stm32f103c8t6/tools/gcc-arm-none-eabi-10.3-2021.10-win32/gcc-arm-none-eabi-10.3-2021.10/bin/../lib/gcc/arm-none-eabi/10.3.1/../../../../arm-none-eabi/lib/thumb/v7-m/nofp\libc_nano.a(lib_a-mlock.o)
                0x08005c88                __malloc_lock
 .text.__malloc_unlock
                0x08005c94        0xc c:/users/84935/stm32f103c8t6/tools/gcc-arm-none-eabi-10.3-2021.10-win32/gcc-arm-none-eabi-10.3-2021.10/bin/../lib/gcc/arm-none-eabi/10.3.1/../../../../arm-none-eabi/lib/thumb/v7-m/nofp\libc_nano.a(lib_a-mlock.o)
                0x08005c94                __malloc_unlock
 .text._Balloc  0x08005ca0       0x80 c:/users/84935/stm32f103c8t6/tools/gcc-arm-none-eabi-10.3-2021.10-win32/gcc-arm-none-eabi-10.3-2021.10/bin/../lib/gcc/arm-none-eabi/10.3.1/../../../../arm-none-eabi/lib/thumb/v7-m/nofp\libc_nano.a(lib_a-mprec.o)
                0x08005ca0                _Balloc
 .text._Bfree   0x08005d20       0x44 c:/users/84935/stm32f103c8t6/tools/gcc-arm-none-eabi-10.3-2021.10-win32/gcc-arm-none-eabi-10.3-2021.10/bin/../lib/gcc/arm-none-eabi/10.3.1/../../../../arm-none-eabi/lib/thumb/v7-m/nofp\libc_nano.a(lib_a-mprec.o)
                0x08005d20                _Bfree
 .text.__multadd
                0x08005d64       0x8c c:/users/84935/stm32f103c8t6/tools/gcc-arm-none-eabi-10.3-2021.10-win32/gcc-arm-none-eabi-10.3-2021.10/bin/../lib/gcc/arm-none-eabi/10.3.1/../../../../arm-none-eabi/lib/thumb/v7-m/nofp\libc_nano.a(lib_a-mprec.o)
                0x08005d64                __multadd
 .text.__hi0bits
                0x08005df0       0x40 c:/users/84935/stm32f103c8t6/tools/gcc-arm-none-eabi-10.3-2021.10-win32/gcc-arm-none-eabi-10.3-2021.10/bin/../lib/gcc/arm-none-eabi/10.3.1/../../../../arm-none-eabi/lib/thumb/v7-m/nofp\libc_nano.a(lib_a-mprec.o)
                0x08005df0                __hi0bits
 .text.__lo0bits
                0x08005e30       0x5a c:/users/84935/stm32f103c8t6/tools/gcc-arm-none-eabi-10.3-2021.10-win32/gcc-arm-none-eabi-10.3-2021.10/bin/../lib/gcc/arm-none-eabi/10.3.1/../../../../arm-none-eabi/lib/thumb/v7-m/nofp\libc_nano.a(lib_a-mprec.o)
                0x08005e30                __lo0bits
 *fill*         0x08005e8a        0x2 
 .text.__i2b    0x08005e8c       0x2c c:/users/84935/stm32f103c8t6/tools/gcc-arm-none-eabi-10.3-2021.10-win32/gcc-arm-none-eabi-10.3-2021.10/bin/../lib/gcc/arm-none-eabi/10.3.1/../../../../arm-none-eabi/lib/thumb/v7-m/nofp\libc_nano.a(lib_a-mprec.o)
                0x08005e8c                __i2b
 .text.__multiply
                0x08005eb8      0x150 c:/users/84935/stm32f103c8t6/tools/gcc-arm-none-eabi-10.3-2021.10-win32/gcc-arm-none-eabi-10.3-2021.10/bin/../lib/gcc/arm-none-eabi/10.3.1/../../../../arm-none-eabi/lib/thumb/v7-m/nofp\libc_nano.a(lib_a-mprec.o)
                0x08005eb8                __multiply
 .text.__pow5mult
                0x08006008       0xb4 c:/users/84935/stm32f103c8t6/tools/gcc-arm-none-eabi-10.3-2021.10-win32/gcc-arm-none-eabi-10.3-2021.10/bin/../lib/gcc/arm-none-eabi/10.3.1/../../../../arm-none-eabi/lib/thumb/v7-m/nofp\libc_nano.a(lib_a-mprec.o)
                0x08006008                __pow5mult
 .text.__lshift
                0x080060bc       0xe0 c:/users/84935/stm32f103c8t6/tools/gcc-arm-none-eabi-10.3-2021.10-win32/gcc-arm-none-eabi-10.3-2021.10/bin/../lib/gcc/arm-none-eabi/10.3.1/../../../../arm-none-eabi/lib/thumb/v7-m/nofp\libc_nano.a(lib_a-mprec.o)
                0x080060bc                __lshift
 .text.__mcmp   0x0800619c       0x36 c:/users/84935/stm32f103c8t6/tools/gcc-arm-none-eabi-10.3-2021.10-win32/gcc-arm-none-eabi-10.3-2021.10/bin/../lib/gcc/arm-none-eabi/10.3.1/../../../../arm-none-eabi/lib/thumb/v7-m/nofp\libc_nano.a(lib_a-mprec.o)
                0x0800619c                __mcmp
 *fill*         0x080061d2        0x2 
 .text.__mdiff  0x080061d4      0x118 c:/users/84935/stm32f103c8t6/tools/gcc-arm-none-eabi-10.3-2021.10-win32/gcc-arm-none-eabi-10.3-2021.10/bin/../lib/gcc/arm-none-eabi/10.3.1/../../../../arm-none-eabi/lib/thumb/v7-m/nofp\libc_nano.a(lib_a-mprec.o)
                0x080061d4                __mdiff
 .text.__d2b    0x080062ec       0xb8 c:/users/84935/stm32f103c8t6/tools/gcc-arm-none-eabi-10.3-2021.10-win32/gcc-arm-none-eabi-10.3-2021.10/bin/../lib/gcc/arm-none-eabi/10.3.1/../../../../arm-none-eabi/lib/thumb/v7-m/nofp\libc_nano.a(lib_a-mprec.o)
                0x080062ec                __d2b
 .text._calloc_r
                0x080063a4       0x28 c:/users/84935/stm32f103c8t6/tools/gcc-arm-none-eabi-10.3-2021.10-win32/gcc-arm-none-eabi-10.3-2021.10/bin/../lib/gcc/arm-none-eabi/10.3.1/../../../../arm-none-eabi/lib/thumb/v7-m/nofp\libc_nano.a(lib_a-nano-callocr.o)
                0x080063a4                _calloc_r
 .text.__ssputs_r
                0x080063cc       0xb6 c:/users/84935/stm32f103c8t6/tools/gcc-arm-none-eabi-10.3-2021.10-win32/gcc-arm-none-eabi-10.3-2021.10/bin/../lib/gcc/arm-none-eabi/10.3.1/../../../../arm-none-eabi/lib/thumb/v7-m/nofp\libc_nano.a(lib_a-nano-svfprintf.o)
                0x080063cc                __ssputs_r
 *fill*         0x08006482        0x2 
 .text._svfprintf_r
                0x08006484      0x200 c:/users/84935/stm32f103c8t6/tools/gcc-arm-none-eabi-10.3-2021.10-win32/gcc-arm-none-eabi-10.3-2021.10/bin/../lib/gcc/arm-none-eabi/10.3.1/../../../../arm-none-eabi/lib/thumb/v7-m/nofp\libc_nano.a(lib_a-nano-svfprintf.o)
                0x08006484                _svfiprintf_r
                0x08006484                _svfprintf_r
 .text.__assert_func
                0x08006684       0x3c c:/users/84935/stm32f103c8t6/tools/gcc-arm-none-eabi-10.3-2021.10-win32/gcc-arm-none-eabi-10.3-2021.10/bin/../lib/gcc/arm-none-eabi/10.3.1/../../../../arm-none-eabi/lib/thumb/v7-m/nofp\libc_nano.a(lib_a-assert.o)
                0x08006684                __assert_func
 .text.fprintf  0x080066c0       0x24 c:/users/84935/stm32f103c8t6/tools/gcc-arm-none-eabi-10.3-2021.10-win32/gcc-arm-none-eabi-10.3-2021.10/bin/../lib/gcc/arm-none-eabi/10.3.1/../../../../arm-none-eabi/lib/thumb/v7-m/nofp\libc_nano.a(lib_a-fprintf.o)
                0x080066c0                fiprintf
                0x080066c0                fprintf
 .text.__retarget_lock_init_recursive
                0x080066e4        0x2 c:/users/84935/stm32f103c8t6/tools/gcc-arm-none-eabi-10.3-2021.10-win32/gcc-arm-none-eabi-10.3-2021.10/bin/../lib/gcc/arm-none-eabi/10.3.1/../../../../arm-none-eabi/lib/thumb/v7-m/nofp\libc_nano.a(lib_a-lock.o)
                0x080066e4                __retarget_lock_init_recursive
 .text.__retarget_lock_acquire_recursive
                0x080066e6        0x2 c:/users/84935/stm32f103c8t6/tools/gcc-arm-none-eabi-10.3-2021.10-win32/gcc-arm-none-eabi-10.3-2021.10/bin/../lib/gcc/arm-none-eabi/10.3.1/../../../../arm-none-eabi/lib/thumb/v7-m/nofp\libc_nano.a(lib_a-lock.o)
                0x080066e6                __retarget_lock_acquire_recursive
 .text.__retarget_lock_release_recursive
                0x080066e8        0x2 c:/users/84935/stm32f103c8t6/tools/gcc-arm-none-eabi-10.3-2021.10-win32/gcc-arm-none-eabi-10.3-2021.10/bin/../lib/gcc/arm-none-eabi/10.3.1/../../../../arm-none-eabi/lib/thumb/v7-m/nofp\libc_nano.a(lib_a-lock.o)
                0x080066e8                __retarget_lock_release_recursive
 .text.__ascii_mbtowc
                0x080066ea       0x24 c:/users/84935/stm32f103c8t6/tools/gcc-arm-none-eabi-10.3-2021.10-win32/gcc-arm-none-eabi-10.3-2021.10/bin/../lib/gcc/arm-none-eabi/10.3.1/../../../../arm-none-eabi/lib/thumb/v7-m/nofp\libc_nano.a(lib_a-mbtowc_r.o)
                0x080066ea                __ascii_mbtowc
 .text.memmove  0x0800670e       0x34 c:/users/84935/stm32f103c8t6/tools/gcc-arm-none-eabi-10.3-2021.10-win32/gcc-arm-none-eabi-10.3-2021.10/bin/../lib/gcc/arm-none-eabi/10.3.1/../../../../arm-none-eabi/lib/thumb/v7-m/nofp\libc_nano.a(lib_a-memmove.o)
                0x0800670e                memmove
 .text._realloc_r
                0x08006742       0x5e c:/users/84935/stm32f103c8t6/tools/gcc-arm-none-eabi-10.3-2021.10-win32/gcc-arm-none-eabi-10.3-2021.10/bin/../lib/gcc/arm-none-eabi/10.3.1/../../../../arm-none-eabi/lib/thumb/v7-m/nofp\libc_nano.a(lib_a-nano-reallocr.o)
                0x08006742                _realloc_r
 .text.__sfputc_r
                0x080067a0       0x2a c:/users/84935/stm32f103c8t6/tools/gcc-arm-none-eabi-10.3-2021.10-win32/gcc-arm-none-eabi-10.3-2021.10/bin/../lib/gcc/arm-none-eabi/10.3.1/../../../../arm-none-eabi/lib/thumb/v7-m/nofp\libc_nano.a(lib_a-nano-vfprintf.o)
 .text.__sfputs_r
                0x080067ca       0x24 c:/users/84935/stm32f103c8t6/tools/gcc-arm-none-eabi-10.3-2021.10-win32/gcc-arm-none-eabi-10.3-2021.10/bin/../lib/gcc/arm-none-eabi/10.3.1/../../../../arm-none-eabi/lib/thumb/v7-m/nofp\libc_nano.a(lib_a-nano-vfprintf.o)
                0x080067ca                __sfputs_r
 *fill*         0x080067ee        0x2 
 .text._vfprintf_r
                0x080067f0      0x260 c:/users/84935/stm32f103c8t6/tools/gcc-arm-none-eabi-10.3-2021.10-win32/gcc-arm-none-eabi-10.3-2021.10/bin/../lib/gcc/arm-none-eabi/10.3.1/../../../../arm-none-eabi/lib/thumb/v7-m/nofp\libc_nano.a(lib_a-nano-vfprintf.o)
                0x080067f0                _vfprintf_r
                0x080067f0                _vfiprintf_r
 .text.__swbuf_r
                0x08006a50       0xa4 c:/users/84935/stm32f103c8t6/tools/gcc-arm-none-eabi-10.3-2021.10-win32/gcc-arm-none-eabi-10.3-2021.10/bin/../lib/gcc/arm-none-eabi/10.3.1/../../../../arm-none-eabi/lib/thumb/v7-m/nofp\libc_nano.a(lib_a-wbuf.o)
                0x08006a50                __swbuf_r
 .text.__ascii_wctomb
                0x08006af4       0x1a c:/users/84935/stm32f103c8t6/tools/gcc-arm-none-eabi-10.3-2021.10-win32/gcc-arm-none-eabi-10.3-2021.10/bin/../lib/gcc/arm-none-eabi/10.3.1/../../../../arm-none-eabi/lib/thumb/v7-m/nofp\libc_nano.a(lib_a-wctomb_r.o)
                0x08006af4                __ascii_wctomb
 *fill*         0x08006b0e        0x2 
 .text.__swsetup_r
                0x08006b10       0xdc c:/users/84935/stm32f103c8t6/tools/gcc-arm-none-eabi-10.3-2021.10-win32/gcc-arm-none-eabi-10.3-2021.10/bin/../lib/gcc/arm-none-eabi/10.3.1/../../../../arm-none-eabi/lib/thumb/v7-m/nofp\libc_nano.a(lib_a-wsetup.o)
                0x08006b10                __swsetup_r
 .text.abort    0x08006bec        0xe c:/users/84935/stm32f103c8t6/tools/gcc-arm-none-eabi-10.3-2021.10-win32/gcc-arm-none-eabi-10.3-2021.10/bin/../lib/gcc/arm-none-eabi/10.3.1/../../../../arm-none-eabi/lib/thumb/v7-m/nofp\libc_nano.a(lib_a-abort.o)
                0x08006bec                abort
 *fill*         0x08006bfa        0x2 
 .text.__sflush_r
                0x08006bfc      0x104 c:/users/84935/stm32f103c8t6/tools/gcc-arm-none-eabi-10.3-2021.10-win32/gcc-arm-none-eabi-10.3-2021.10/bin/../lib/gcc/arm-none-eabi/10.3.1/../../../../arm-none-eabi/lib/thumb/v7-m/nofp\libc_nano.a(lib_a-fflush.o)
                0x08006bfc                __sflush_r
 .text._fflush_r
                0x08006d00       0x78 c:/users/84935/stm32f103c8t6/tools/gcc-arm-none-eabi-10.3-2021.10-win32/gcc-arm-none-eabi-10.3-2021.10/bin/../lib/gcc/arm-none-eabi/10.3.1/../../../../arm-none-eabi/lib/thumb/v7-m/nofp\libc_nano.a(lib_a-fflush.o)
                0x08006d00                _fflush_r
 .text.std      0x08006d78       0x48 c:/users/84935/stm32f103c8t6/tools/gcc-arm-none-eabi-10.3-2021.10-win32/gcc-arm-none-eabi-10.3-2021.10/bin/../lib/gcc/arm-none-eabi/10.3.1/../../../../arm-none-eabi/lib/thumb/v7-m/nofp\libc_nano.a(lib_a-findfp.o)
 .text._cleanup_r
                0x08006dc0        0xc c:/users/84935/stm32f103c8t6/tools/gcc-arm-none-eabi-10.3-2021.10-win32/gcc-arm-none-eabi-10.3-2021.10/bin/../lib/gcc/arm-none-eabi/10.3.1/../../../../arm-none-eabi/lib/thumb/v7-m/nofp\libc_nano.a(lib_a-findfp.o)
                0x08006dc0                _cleanup_r
 .text.__sfmoreglue
                0x08006dcc       0x2c c:/users/84935/stm32f103c8t6/tools/gcc-arm-none-eabi-10.3-2021.10-win32/gcc-arm-none-eabi-10.3-2021.10/bin/../lib/gcc/arm-none-eabi/10.3.1/../../../../arm-none-eabi/lib/thumb/v7-m/nofp\libc_nano.a(lib_a-findfp.o)
                0x08006dcc                __sfmoreglue
 .text.__sfp_lock_acquire
                0x08006df8        0xc c:/users/84935/stm32f103c8t6/tools/gcc-arm-none-eabi-10.3-2021.10-win32/gcc-arm-none-eabi-10.3-2021.10/bin/../lib/gcc/arm-none-eabi/10.3.1/../../../../arm-none-eabi/lib/thumb/v7-m/nofp\libc_nano.a(lib_a-findfp.o)
                0x08006df8                __sfp_lock_acquire
 .text.__sfp_lock_release
                0x08006e04        0xc c:/users/84935/stm32f103c8t6/tools/gcc-arm-none-eabi-10.3-2021.10-win32/gcc-arm-none-eabi-10.3-2021.10/bin/../lib/gcc/arm-none-eabi/10.3.1/../../../../arm-none-eabi/lib/thumb/v7-m/nofp\libc_nano.a(lib_a-findfp.o)
                0x08006e04                __sfp_lock_release
 .text.__sinit_lock_acquire
                0x08006e10        0xc c:/users/84935/stm32f103c8t6/tools/gcc-arm-none-eabi-10.3-2021.10-win32/gcc-arm-none-eabi-10.3-2021.10/bin/../lib/gcc/arm-none-eabi/10.3.1/../../../../arm-none-eabi/lib/thumb/v7-m/nofp\libc_nano.a(lib_a-findfp.o)
                0x08006e10                __sinit_lock_acquire
 .text.__sinit_lock_release
                0x08006e1c        0xc c:/users/84935/stm32f103c8t6/tools/gcc-arm-none-eabi-10.3-2021.10-win32/gcc-arm-none-eabi-10.3-2021.10/bin/../lib/gcc/arm-none-eabi/10.3.1/../../../../arm-none-eabi/lib/thumb/v7-m/nofp\libc_nano.a(lib_a-findfp.o)
                0x08006e1c                __sinit_lock_release
 .text.__sinit  0x08006e28       0x70 c:/users/84935/stm32f103c8t6/tools/gcc-arm-none-eabi-10.3-2021.10-win32/gcc-arm-none-eabi-10.3-2021.10/bin/../lib/gcc/arm-none-eabi/10.3.1/../../../../arm-none-eabi/lib/thumb/v7-m/nofp\libc_nano.a(lib_a-findfp.o)
                0x08006e28                __sinit
 .text.__sfp    0x08006e98       0x8c c:/users/84935/stm32f103c8t6/tools/gcc-arm-none-eabi-10.3-2021.10-win32/gcc-arm-none-eabi-10.3-2021.10/bin/../lib/gcc/arm-none-eabi/10.3.1/../../../../arm-none-eabi/lib/thumb/v7-m/nofp\libc_nano.a(lib_a-findfp.o)
                0x08006e98                __sfp
 .text._fwalk_reent
                0x08006f24       0x3e c:/users/84935/stm32f103c8t6/tools/gcc-arm-none-eabi-10.3-2021.10-win32/gcc-arm-none-eabi-10.3-2021.10/bin/../lib/gcc/arm-none-eabi/10.3.1/../../../../arm-none-eabi/lib/thumb/v7-m/nofp\libc_nano.a(lib_a-fwalk.o)
                0x08006f24                _fwalk_reent
 .text.__swhatbuf_r
                0x08006f62       0x4a c:/users/84935/stm32f103c8t6/tools/gcc-arm-none-eabi-10.3-2021.10-win32/gcc-arm-none-eabi-10.3-2021.10/bin/../lib/gcc/arm-none-eabi/10.3.1/../../../../arm-none-eabi/lib/thumb/v7-m/nofp\libc_nano.a(lib_a-makebuf.o)
                0x08006f62                __swhatbuf_r
 .text.__smakebuf_r
                0x08006fac       0x80 c:/users/84935/stm32f103c8t6/tools/gcc-arm-none-eabi-10.3-2021.10-win32/gcc-arm-none-eabi-10.3-2021.10/bin/../lib/gcc/arm-none-eabi/10.3.1/../../../../arm-none-eabi/lib/thumb/v7-m/nofp\libc_nano.a(lib_a-makebuf.o)
                0x08006fac                __smakebuf_r
 .text._malloc_usable_size_r
                0x0800702c       0x10 c:/users/84935/stm32f103c8t6/tools/gcc-arm-none-eabi-10.3-2021.10-win32/gcc-arm-none-eabi-10.3-2021.10/bin/../lib/gcc/arm-none-eabi/10.3.1/../../../../arm-none-eabi/lib/thumb/v7-m/nofp\libc_nano.a(lib_a-nano-msizer.o)
                0x0800702c                _malloc_usable_size_r
 .text._raise_r
                0x0800703c       0x50 c:/users/84935/stm32f103c8t6/tools/gcc-arm-none-eabi-10.3-2021.10-win32/gcc-arm-none-eabi-10.3-2021.10/bin/../lib/gcc/arm-none-eabi/10.3.1/../../../../arm-none-eabi/lib/thumb/v7-m/nofp\libc_nano.a(lib_a-signal.o)
                0x0800703c                _raise_r
 .text.raise    0x0800708c       0x10 c:/users/84935/stm32f103c8t6/tools/gcc-arm-none-eabi-10.3-2021.10-win32/gcc-arm-none-eabi-10.3-2021.10/bin/../lib/gcc/arm-none-eabi/10.3.1/../../../../arm-none-eabi/lib/thumb/v7-m/nofp\libc_nano.a(lib_a-signal.o)
                0x0800708c                raise
 .text._kill_r  0x0800709c       0x24 c:/users/84935/stm32f103c8t6/tools/gcc-arm-none-eabi-10.3-2021.10-win32/gcc-arm-none-eabi-10.3-2021.10/bin/../lib/gcc/arm-none-eabi/10.3.1/../../../../arm-none-eabi/lib/thumb/v7-m/nofp\libc_nano.a(lib_a-signalr.o)
                0x0800709c                _kill_r
 .text._getpid_r
                0x080070c0        0x4 c:/users/84935/stm32f103c8t6/tools/gcc-arm-none-eabi-10.3-2021.10-win32/gcc-arm-none-eabi-10.3-2021.10/bin/../lib/gcc/arm-none-eabi/10.3.1/../../../../arm-none-eabi/lib/thumb/v7-m/nofp\libc_nano.a(lib_a-signalr.o)
                0x080070c0                _getpid_r
 .text.__sread  0x080070c4       0x22 c:/users/84935/stm32f103c8t6/tools/gcc-arm-none-eabi-10.3-2021.10-win32/gcc-arm-none-eabi-10.3-2021.10/bin/../lib/gcc/arm-none-eabi/10.3.1/../../../../arm-none-eabi/lib/thumb/v7-m/nofp\libc_nano.a(lib_a-stdio.o)
                0x080070c4                __sread
 .text.__swrite
                0x080070e6       0x38 c:/users/84935/stm32f103c8t6/tools/gcc-arm-none-eabi-10.3-2021.10-win32/gcc-arm-none-eabi-10.3-2021.10/bin/../lib/gcc/arm-none-eabi/10.3.1/../../../../arm-none-eabi/lib/thumb/v7-m/nofp\libc_nano.a(lib_a-stdio.o)
                0x080070e6                __swrite
 .text.__sseek  0x0800711e       0x24 c:/users/84935/stm32f103c8t6/tools/gcc-arm-none-eabi-10.3-2021.10-win32/gcc-arm-none-eabi-10.3-2021.10/bin/../lib/gcc/arm-none-eabi/10.3.1/../../../../arm-none-eabi/lib/thumb/v7-m/nofp\libc_nano.a(lib_a-stdio.o)
                0x0800711e                __sseek
 .text.__sclose
                0x08007142        0x8 c:/users/84935/stm32f103c8t6/tools/gcc-arm-none-eabi-10.3-2021.10-win32/gcc-arm-none-eabi-10.3-2021.10/bin/../lib/gcc/arm-none-eabi/10.3.1/../../../../arm-none-eabi/lib/thumb/v7-m/nofp\libc_nano.a(lib_a-stdio.o)
                0x08007142                __sclose
 *fill*         0x0800714a        0x2 
 .text._write_r
                0x0800714c       0x24 c:/users/84935/stm32f103c8t6/tools/gcc-arm-none-eabi-10.3-2021.10-win32/gcc-arm-none-eabi-10.3-2021.10/bin/../lib/gcc/arm-none-eabi/10.3.1/../../../../arm-none-eabi/lib/thumb/v7-m/nofp\libc_nano.a(lib_a-writer.o)
                0x0800714c                _write_r
 .text._close_r
                0x08007170       0x20 c:/users/84935/stm32f103c8t6/tools/gcc-arm-none-eabi-10.3-2021.10-win32/gcc-arm-none-eabi-10.3-2021.10/bin/../lib/gcc/arm-none-eabi/10.3.1/../../../../arm-none-eabi/lib/thumb/v7-m/nofp\libc_nano.a(lib_a-closer.o)
                0x08007170                _close_r
 .text._fstat_r
                0x08007190       0x24 c:/users/84935/stm32f103c8t6/tools/gcc-arm-none-eabi-10.3-2021.10-win32/gcc-arm-none-eabi-10.3-2021.10/bin/../lib/gcc/arm-none-eabi/10.3.1/../../../../arm-none-eabi/lib/thumb/v7-m/nofp\libc_nano.a(lib_a-fstatr.o)
                0x08007190                _fstat_r
 .text._isatty_r
                0x080071b4       0x20 c:/users/84935/stm32f103c8t6/tools/gcc-arm-none-eabi-10.3-2021.10-win32/gcc-arm-none-eabi-10.3-2021.10/bin/../lib/gcc/arm-none-eabi/10.3.1/../../../../arm-none-eabi/lib/thumb/v7-m/nofp\libc_nano.a(lib_a-isattyr.o)
                0x080071b4                _isatty_r
 .text._lseek_r
                0x080071d4       0x24 c:/users/84935/stm32f103c8t6/tools/gcc-arm-none-eabi-10.3-2021.10-win32/gcc-arm-none-eabi-10.3-2021.10/bin/../lib/gcc/arm-none-eabi/10.3.1/../../../../arm-none-eabi/lib/thumb/v7-m/nofp\libc_nano.a(lib_a-lseekr.o)
                0x080071d4                _lseek_r
 .text._read_r  0x080071f8       0x24 c:/users/84935/stm32f103c8t6/tools/gcc-arm-none-eabi-10.3-2021.10-win32/gcc-arm-none-eabi-10.3-2021.10/bin/../lib/gcc/arm-none-eabi/10.3.1/../../../../arm-none-eabi/lib/thumb/v7-m/nofp\libc_nano.a(lib_a-readr.o)
                0x080071f8                _read_r
 .text._close   0x0800721c       0x10 c:/users/84935/stm32f103c8t6/tools/gcc-arm-none-eabi-10.3-2021.10-win32/gcc-arm-none-eabi-10.3-2021.10/bin/../lib/gcc/arm-none-eabi/10.3.1/../../../../arm-none-eabi/lib/thumb/v7-m/nofp\libnosys.a(close.o)
                0x0800721c                _close
 .text._fstat   0x0800722c       0x10 c:/users/84935/stm32f103c8t6/tools/gcc-arm-none-eabi-10.3-2021.10-win32/gcc-arm-none-eabi-10.3-2021.10/bin/../lib/gcc/arm-none-eabi/10.3.1/../../../../arm-none-eabi/lib/thumb/v7-m/nofp\libnosys.a(fstat.o)
                0x0800722c                _fstat
 .text._getpid  0x0800723c       0x10 c:/users/84935/stm32f103c8t6/tools/gcc-arm-none-eabi-10.3-2021.10-win32/gcc-arm-none-eabi-10.3-2021.10/bin/../lib/gcc/arm-none-eabi/10.3.1/../../../../arm-none-eabi/lib/thumb/v7-m/nofp\libnosys.a(getpid.o)
                0x0800723c                _getpid
 .text._isatty  0x0800724c       0x10 c:/users/84935/stm32f103c8t6/tools/gcc-arm-none-eabi-10.3-2021.10-win32/gcc-arm-none-eabi-10.3-2021.10/bin/../lib/gcc/arm-none-eabi/10.3.1/../../../../arm-none-eabi/lib/thumb/v7-m/nofp\libnosys.a(isatty.o)
                0x0800724c                _isatty
 .text._kill    0x0800725c       0x10 c:/users/84935/stm32f103c8t6/tools/gcc-arm-none-eabi-10.3-2021.10-win32/gcc-arm-none-eabi-10.3-2021.10/bin/../lib/gcc/arm-none-eabi/10.3.1/../../../../arm-none-eabi/lib/thumb/v7-m/nofp\libnosys.a(kill.o)
                0x0800725c                _kill
 .text._lseek   0x0800726c       0x10 c:/users/84935/stm32f103c8t6/tools/gcc-arm-none-eabi-10.3-2021.10-win32/gcc-arm-none-eabi-10.3-2021.10/bin/../lib/gcc/arm-none-eabi/10.3.1/../../../../arm-none-eabi/lib/thumb/v7-m/nofp\libnosys.a(lseek.o)
                0x0800726c                _lseek
 .text._read    0x0800727c       0x10 c:/users/84935/stm32f103c8t6/tools/gcc-arm-none-eabi-10.3-2021.10-win32/gcc-arm-none-eabi-10.3-2021.10/bin/../lib/gcc/arm-none-eabi/10.3.1/../../../../arm-none-eabi/lib/thumb/v7-m/nofp\libnosys.a(read.o)
                0x0800727c                _read
 .text._sbrk    0x0800728c       0x1c c:/users/84935/stm32f103c8t6/tools/gcc-arm-none-eabi-10.3-2021.10-win32/gcc-arm-none-eabi-10.3-2021.10/bin/../lib/gcc/arm-none-eabi/10.3.1/../../../../arm-none-eabi/lib/thumb/v7-m/nofp\libnosys.a(sbrk.o)
                0x0800728c                _sbrk
 .text._write   0x080072a8       0x10 c:/users/84935/stm32f103c8t6/tools/gcc-arm-none-eabi-10.3-2021.10-win32/gcc-arm-none-eabi-10.3-2021.10/bin/../lib/gcc/arm-none-eabi/10.3.1/../../../../arm-none-eabi/lib/thumb/v7-m/nofp\libnosys.a(write.o)
                0x080072a8                _write
 .text._exit    0x080072b8        0x4 c:/users/84935/stm32f103c8t6/tools/gcc-arm-none-eabi-10.3-2021.10-win32/gcc-arm-none-eabi-10.3-2021.10/bin/../lib/gcc/arm-none-eabi/10.3.1/../../../../arm-none-eabi/lib/thumb/v7-m/nofp\libnosys.a(_exit.o)
                0x080072b8                _exit
 *(.glue_7)
 .glue_7        0x080072bc        0x0 linker stubs
 *(.glue_7t)
 .glue_7t       0x080072bc        0x0 linker stubs
 *(.eh_frame)
 .eh_frame      0x080072bc        0x0 c:/users/84935/stm32f103c8t6/tools/gcc-arm-none-eabi-10.3-2021.10-win32/gcc-arm-none-eabi-10.3-2021.10/bin/../lib/gcc/arm-none-eabi/10.3.1/thumb/v7-m/nofp/crtbegin.o
 *(.init)
 .init          0x080072bc        0x4 c:/users/84935/stm32f103c8t6/tools/gcc-arm-none-eabi-10.3-2021.10-win32/gcc-arm-none-eabi-10.3-2021.10/bin/../lib/gcc/arm-none-eabi/10.3.1/thumb/v7-m/nofp/crti.o
                0x080072bc                _init
 .init          0x080072c0        0x8 c:/users/84935/stm32f103c8t6/tools/gcc-arm-none-eabi-10.3-2021.10-win32/gcc-arm-none-eabi-10.3-2021.10/bin/../lib/gcc/arm-none-eabi/10.3.1/thumb/v7-m/nofp/crtn.o
 *(.fini)
 .fini          0x080072c8        0x4 c:/users/84935/stm32f103c8t6/tools/gcc-arm-none-eabi-10.3-2021.10-win32/gcc-arm-none-eabi-10.3-2021.10/bin/../lib/gcc/arm-none-eabi/10.3.1/thumb/v7-m/nofp/crti.o
                0x080072c8                _fini
 .fini          0x080072cc        0x8 c:/users/84935/stm32f103c8t6/tools/gcc-arm-none-eabi-10.3-2021.10-win32/gcc-arm-none-eabi-10.3-2021.10/bin/../lib/gcc/arm-none-eabi/10.3.1/thumb/v7-m/nofp/crtn.o
                0x080072d4                . = ALIGN (0x4)
                0x080072d4                _etext = .

.vfp11_veneer   0x080072d4        0x0
 .vfp11_veneer  0x080072d4        0x0 linker stubs

.v4_bx          0x080072d4        0x0
 .v4_bx         0x080072d4        0x0 linker stubs

.iplt           0x080072d4        0x0
 .iplt          0x080072d4        0x0 c:/users/84935/stm32f103c8t6/tools/gcc-arm-none-eabi-10.3-2021.10-win32/gcc-arm-none-eabi-10.3-2021.10/bin/../lib/gcc/arm-none-eabi/10.3.1/thumb/v7-m/nofp/crtbegin.o

.rodata         0x080072d8      0x4d4
                0x080072d8                . = ALIGN (0x4)
 *(.rodata)
 *(.rodata*)
 .rodata.commandHandling.str1.4
                0x080072d8       0x36 build/main.o
 *fill*         0x0800730e        0x2 
 .rodata.HAL_TIM_PeriodElapsedCallback.str1.4
                0x08007310        0x5 build/main.o
 *fill*         0x08007315        0x3 
 .rodata.main.str1.4
                0x08007318       0x11 build/main.o
 *fill*         0x08007329        0x3 
 .rodata.aPLLMULFactorTable.1
                0x0800732c       0x10 build/stm32f1xx_hal_rcc.o
 .rodata.aPredivFactorTable.0
                0x0800733c        0x2 build/stm32f1xx_hal_rcc.o
 *fill*         0x0800733e        0x2 
 .rodata.AHBPrescTable
                0x08007340       0x10 build/system_stm32f1xx.o
                0x08007340                AHBPrescTable
 .rodata.APBPrescTable
                0x08007350        0x8 build/system_stm32f1xx.o
                0x08007350                APBPrescTable
 .rodata.fuzzySystemInit.str1.4
                0x08007358       0x32 build/Fuzzy_motor.o
 *fill*         0x0800738a        0x2 
 .rodata._global_impure_ptr
                0x0800738c        0x4 c:/users/84935/stm32f103c8t6/tools/gcc-arm-none-eabi-10.3-2021.10-win32/gcc-arm-none-eabi-10.3-2021.10/bin/../lib/gcc/arm-none-eabi/10.3.1/../../../../arm-none-eabi/lib/thumb/v7-m/nofp\libc_nano.a(lib_a-impure.o)
                0x0800738c                _global_impure_ptr
 .rodata._printf_float.str1.1
                0x08007390       0x12 c:/users/84935/stm32f103c8t6/tools/gcc-arm-none-eabi-10.3-2021.10-win32/gcc-arm-none-eabi-10.3-2021.10/bin/../lib/gcc/arm-none-eabi/10.3.1/../../../../arm-none-eabi/lib/thumb/v7-m/nofp\libc_nano.a(lib_a-nano-vfprintf_float.o)
 .rodata._printf_i.str1.1
                0x080073a2       0x22 c:/users/84935/stm32f103c8t6/tools/gcc-arm-none-eabi-10.3-2021.10-win32/gcc-arm-none-eabi-10.3-2021.10/bin/../lib/gcc/arm-none-eabi/10.3.1/../../../../arm-none-eabi/lib/thumb/v7-m/nofp\libc_nano.a(lib_a-nano-vfprintf_i.o)
 .rodata._ctype_
                0x080073c4      0x101 c:/users/84935/stm32f103c8t6/tools/gcc-arm-none-eabi-10.3-2021.10-win32/gcc-arm-none-eabi-10.3-2021.10/bin/../lib/gcc/arm-none-eabi/10.3.1/../../../../arm-none-eabi/lib/thumb/v7-m/nofp\libc_nano.a(lib_a-ctype_.o)
                0x080073c4                _ctype_
 .rodata._dtoa_r.str1.1
                0x080074c5       0xb3 c:/users/84935/stm32f103c8t6/tools/gcc-arm-none-eabi-10.3-2021.10-win32/gcc-arm-none-eabi-10.3-2021.10/bin/../lib/gcc/arm-none-eabi/10.3.1/../../../../arm-none-eabi/lib/thumb/v7-m/nofp\libc_nano.a(lib_a-dtoa.o)
                                 0xb5 (size before relaxing)
 .rodata._Balloc.str1.1
                0x08007578       0x7f c:/users/84935/stm32f103c8t6/tools/gcc-arm-none-eabi-10.3-2021.10-win32/gcc-arm-none-eabi-10.3-2021.10/bin/../lib/gcc/arm-none-eabi/10.3.1/../../../../arm-none-eabi/lib/thumb/v7-m/nofp\libc_nano.a(lib_a-mprec.o)
                                 0x96 (size before relaxing)
 .rodata.__multadd.str1.1
                0x080075f7       0x11 c:/users/84935/stm32f103c8t6/tools/gcc-arm-none-eabi-10.3-2021.10-win32/gcc-arm-none-eabi-10.3-2021.10/bin/../lib/gcc/arm-none-eabi/10.3.1/../../../../arm-none-eabi/lib/thumb/v7-m/nofp\libc_nano.a(lib_a-mprec.o)
 *fill*         0x080075f7        0x1 
 .rodata.__mprec_bigtens
                0x080075f8       0x28 c:/users/84935/stm32f103c8t6/tools/gcc-arm-none-eabi-10.3-2021.10-win32/gcc-arm-none-eabi-10.3-2021.10/bin/../lib/gcc/arm-none-eabi/10.3.1/../../../../arm-none-eabi/lib/thumb/v7-m/nofp\libc_nano.a(lib_a-mprec.o)
                0x080075f8                __mprec_bigtens
 .rodata.__mprec_tens
                0x08007620       0xc8 c:/users/84935/stm32f103c8t6/tools/gcc-arm-none-eabi-10.3-2021.10-win32/gcc-arm-none-eabi-10.3-2021.10/bin/../lib/gcc/arm-none-eabi/10.3.1/../../../../arm-none-eabi/lib/thumb/v7-m/nofp\libc_nano.a(lib_a-mprec.o)
                0x08007620                __mprec_tens
 .rodata.p05.0  0x080076e8        0xc c:/users/84935/stm32f103c8t6/tools/gcc-arm-none-eabi-10.3-2021.10-win32/gcc-arm-none-eabi-10.3-2021.10/bin/../lib/gcc/arm-none-eabi/10.3.1/../../../../arm-none-eabi/lib/thumb/v7-m/nofp\libc_nano.a(lib_a-mprec.o)
 .rodata._svfprintf_r.str1.1
                0x080076f4       0x11 c:/users/84935/stm32f103c8t6/tools/gcc-arm-none-eabi-10.3-2021.10-win32/gcc-arm-none-eabi-10.3-2021.10/bin/../lib/gcc/arm-none-eabi/10.3.1/../../../../arm-none-eabi/lib/thumb/v7-m/nofp\libc_nano.a(lib_a-nano-svfprintf.o)
 .rodata.__assert_func.str1.1
                0x08007705       0x3c c:/users/84935/stm32f103c8t6/tools/gcc-arm-none-eabi-10.3-2021.10-win32/gcc-arm-none-eabi-10.3-2021.10/bin/../lib/gcc/arm-none-eabi/10.3.1/../../../../arm-none-eabi/lib/thumb/v7-m/nofp\libc_nano.a(lib_a-assert.o)
                                 0x3d (size before relaxing)
 .rodata._setlocale_r.str1.1
                0x08007741        0x8 c:/users/84935/stm32f103c8t6/tools/gcc-arm-none-eabi-10.3-2021.10-win32/gcc-arm-none-eabi-10.3-2021.10/bin/../lib/gcc/arm-none-eabi/10.3.1/../../../../arm-none-eabi/lib/thumb/v7-m/nofp\libc_nano.a(lib_a-locale.o)
                                  0x9 (size before relaxing)
 .rodata.str1.1
                0x08007749        0x2 c:/users/84935/stm32f103c8t6/tools/gcc-arm-none-eabi-10.3-2021.10-win32/gcc-arm-none-eabi-10.3-2021.10/bin/../lib/gcc/arm-none-eabi/10.3.1/../../../../arm-none-eabi/lib/thumb/v7-m/nofp\libc_nano.a(lib_a-locale.o)
 .rodata._vfprintf_r.str1.1
                0x0800774b       0x11 c:/users/84935/stm32f103c8t6/tools/gcc-arm-none-eabi-10.3-2021.10-win32/gcc-arm-none-eabi-10.3-2021.10/bin/../lib/gcc/arm-none-eabi/10.3.1/../../../../arm-none-eabi/lib/thumb/v7-m/nofp\libc_nano.a(lib_a-nano-vfprintf.o)
 *fill*         0x0800774b        0x1 
 .rodata.__sf_fake_stderr
                0x0800774c       0x20 c:/users/84935/stm32f103c8t6/tools/gcc-arm-none-eabi-10.3-2021.10-win32/gcc-arm-none-eabi-10.3-2021.10/bin/../lib/gcc/arm-none-eabi/10.3.1/../../../../arm-none-eabi/lib/thumb/v7-m/nofp\libc_nano.a(lib_a-findfp.o)
                0x0800774c                __sf_fake_stderr
 .rodata.__sf_fake_stdin
                0x0800776c       0x20 c:/users/84935/stm32f103c8t6/tools/gcc-arm-none-eabi-10.3-2021.10-win32/gcc-arm-none-eabi-10.3-2021.10/bin/../lib/gcc/arm-none-eabi/10.3.1/../../../../arm-none-eabi/lib/thumb/v7-m/nofp\libc_nano.a(lib_a-findfp.o)
                0x0800776c                __sf_fake_stdin
 .rodata.__sf_fake_stdout
                0x0800778c       0x20 c:/users/84935/stm32f103c8t6/tools/gcc-arm-none-eabi-10.3-2021.10-win32/gcc-arm-none-eabi-10.3-2021.10/bin/../lib/gcc/arm-none-eabi/10.3.1/../../../../arm-none-eabi/lib/thumb/v7-m/nofp\libc_nano.a(lib_a-findfp.o)
                0x0800778c                __sf_fake_stdout
                0x080077ac                . = ALIGN (0x4)

.rel.dyn        0x080077ac        0x0
 .rel.iplt      0x080077ac        0x0 c:/users/84935/stm32f103c8t6/tools/gcc-arm-none-eabi-10.3-2021.10-win32/gcc-arm-none-eabi-10.3-2021.10/bin/../lib/gcc/arm-none-eabi/10.3.1/thumb/v7-m/nofp/crtbegin.o

.ARM.extab
 *(.ARM.extab* .gnu.linkonce.armextab.*)

.ARM            0x080077ac        0x0
                0x080077ac                __exidx_start = .
 *(.ARM.exidx*)
                0x080077ac                __exidx_end = .

.preinit_array  0x080077ac        0x0
                0x080077ac                PROVIDE (__preinit_array_start = .)
 *(.preinit_array*)
                0x080077ac                PROVIDE (__preinit_array_end = .)

.init_array     0x080077ac        0x4
                0x080077ac                PROVIDE (__init_array_start = .)
 *(SORT_BY_NAME(.init_array.*))
 *(.init_array*)
 .init_array    0x080077ac        0x4 c:/users/84935/stm32f103c8t6/tools/gcc-arm-none-eabi-10.3-2021.10-win32/gcc-arm-none-eabi-10.3-2021.10/bin/../lib/gcc/arm-none-eabi/10.3.1/thumb/v7-m/nofp/crtbegin.o
                0x080077b0                PROVIDE (__init_array_end = .)

.fini_array     0x080077b0        0x4
                [!provide]                PROVIDE (__fini_array_start = .)
 *(SORT_BY_NAME(.fini_array.*))
 *(.fini_array*)
 .fini_array    0x080077b0        0x4 c:/users/84935/stm32f103c8t6/tools/gcc-arm-none-eabi-10.3-2021.10-win32/gcc-arm-none-eabi-10.3-2021.10/bin/../lib/gcc/arm-none-eabi/10.3.1/thumb/v7-m/nofp/crtbegin.o
                [!provide]                PROVIDE (__fini_array_end = .)
                0x080077b4                _sidata = LOADADDR (.data)

.data           0x20000000      0x244 load address 0x080077b4
                0x20000000                . = ALIGN (0x4)
                0x20000000                _sdata = .
 *(.data)
 *(.data*)
 .data.rpm_test
                0x20000000       0x20 build/main.o
                0x20000000                rpm_test
 .data.uwTickFreq
                0x20000020        0x1 build/stm32f1xx_hal.o
                0x20000020                uwTickFreq
 *fill*         0x20000021        0x3 
 .data.uwTickPrio
                0x20000024        0x4 build/stm32f1xx_hal.o
                0x20000024                uwTickPrio
 .data.SystemCoreClock
                0x20000028        0x4 build/system_stm32f1xx.o
                0x20000028                SystemCoreClock
 .data.motor1   0x2000002c       0x48 build/Fuzzy_motor_cfg.o
                0x2000002c                motor1
 .data._impure_ptr
                0x20000074        0x4 c:/users/84935/stm32f103c8t6/tools/gcc-arm-none-eabi-10.3-2021.10-win32/gcc-arm-none-eabi-10.3-2021.10/bin/../lib/gcc/arm-none-eabi/10.3.1/../../../../arm-none-eabi/lib/thumb/v7-m/nofp\libc_nano.a(lib_a-impure.o)
                0x20000074                _impure_ptr
 .data.impure_data
                0x20000078       0x60 c:/users/84935/stm32f103c8t6/tools/gcc-arm-none-eabi-10.3-2021.10-win32/gcc-arm-none-eabi-10.3-2021.10/bin/../lib/gcc/arm-none-eabi/10.3.1/../../../../arm-none-eabi/lib/thumb/v7-m/nofp\libc_nano.a(lib_a-impure.o)
 .data.__global_locale
                0x200000d8      0x16c c:/users/84935/stm32f103c8t6/tools/gcc-arm-none-eabi-10.3-2021.10-win32/gcc-arm-none-eabi-10.3-2021.10/bin/../lib/gcc/arm-none-eabi/10.3.1/../../../../arm-none-eabi/lib/thumb/v7-m/nofp\libc_nano.a(lib_a-locale.o)
                0x200000d8                __global_locale
                0x20000244                . = ALIGN (0x4)
                0x20000244                _edata = .

.igot.plt       0x20000244        0x0 load address 0x080079f8
 .igot.plt      0x20000244        0x0 c:/users/84935/stm32f103c8t6/tools/gcc-arm-none-eabi-10.3-2021.10-win32/gcc-arm-none-eabi-10.3-2021.10/bin/../lib/gcc/arm-none-eabi/10.3.1/thumb/v7-m/nofp/crtbegin.o
                0x20000244                . = ALIGN (0x4)

.bss            0x20000244      0x20c load address 0x080079f8
                0x20000244                _sbss = .
                0x20000244                __bss_start__ = _sbss
 *(.bss)
 .bss           0x20000244       0x1c c:/users/84935/stm32f103c8t6/tools/gcc-arm-none-eabi-10.3-2021.10-win32/gcc-arm-none-eabi-10.3-2021.10/bin/../lib/gcc/arm-none-eabi/10.3.1/thumb/v7-m/nofp/crtbegin.o
 *(.bss*)
 .bss.controller
                0x20000260        0x1 build/main.o
                0x20000260                controller
 .bss.count     0x20000261        0x1 build/main.o
                0x20000261                count
 *fill*         0x20000262        0x2 
 .bss.hdma_usart1_rx
                0x20000264       0x44 build/main.o
                0x20000264                hdma_usart1_rx
 .bss.htim1     0x200002a8       0x48 build/main.o
                0x200002a8                htim1
 .bss.htim2     0x200002f0       0x48 build/main.o
                0x200002f0                htim2
 .bss.htim4     0x20000338       0x48 build/main.o
                0x20000338                htim4
 .bss.huart1    0x20000380       0x48 build/main.o
                0x20000380                huart1
 .bss.rcv_buffer
                0x200003c8       0x14 build/main.o
                0x200003c8                rcv_buffer
 .bss.speed_test
                0x200003dc        0x1 build/main.o
                0x200003dc                speed_test
 *fill*         0x200003dd        0x3 
 .bss.tx_buffer
                0x200003e0       0x14 build/main.o
                0x200003e0                tx_buffer
 .bss.wheel_velocities
                0x200003f4        0x8 build/main.o
                0x200003f4                wheel_velocities
 .bss.uwTick    0x200003fc        0x4 build/stm32f1xx_hal.o
                0x200003fc                uwTick
 .bss.fuzzy_inputs
                0x20000400       0x18 build/Fuzzy_motor_cfg.o
                0x20000400                fuzzy_inputs
 .bss.fuzzy_outputs
                0x20000418       0x18 build/Fuzzy_motor_cfg.o
                0x20000418                fuzzy_outputs
 .bss.fuzzy_rules
                0x20000430        0xc build/Fuzzy_motor_cfg.o
                0x20000430                fuzzy_rules
 .bss.__malloc_free_list
                0x2000043c        0x4 c:/users/84935/stm32f103c8t6/tools/gcc-arm-none-eabi-10.3-2021.10-win32/gcc-arm-none-eabi-10.3-2021.10/bin/../lib/gcc/arm-none-eabi/10.3.1/../../../../arm-none-eabi/lib/thumb/v7-m/nofp\libc_nano.a(lib_a-nano-mallocr.o)
                0x2000043c                __malloc_free_list
 .bss.__malloc_sbrk_start
                0x20000440        0x4 c:/users/84935/stm32f103c8t6/tools/gcc-arm-none-eabi-10.3-2021.10-win32/gcc-arm-none-eabi-10.3-2021.10/bin/../lib/gcc/arm-none-eabi/10.3.1/../../../../arm-none-eabi/lib/thumb/v7-m/nofp\libc_nano.a(lib_a-nano-mallocr.o)
                0x20000440                __malloc_sbrk_start
 .bss.errno     0x20000444        0x4 c:/users/84935/stm32f103c8t6/tools/gcc-arm-none-eabi-10.3-2021.10-win32/gcc-arm-none-eabi-10.3-2021.10/bin/../lib/gcc/arm-none-eabi/10.3.1/../../../../arm-none-eabi/lib/thumb/v7-m/nofp\libc_nano.a(lib_a-reent.o)
                0x20000444                errno
 .bss.__lock___malloc_recursive_mutex
                0x20000448        0x1 c:/users/84935/stm32f103c8t6/tools/gcc-arm-none-eabi-10.3-2021.10-win32/gcc-arm-none-eabi-10.3-2021.10/bin/../lib/gcc/arm-none-eabi/10.3.1/../../../../arm-none-eabi/lib/thumb/v7-m/nofp\libc_nano.a(lib_a-lock.o)
                0x20000448                __lock___malloc_recursive_mutex
 .bss.__lock___sfp_recursive_mutex
                0x20000449        0x1 c:/users/84935/stm32f103c8t6/tools/gcc-arm-none-eabi-10.3-2021.10-win32/gcc-arm-none-eabi-10.3-2021.10/bin/../lib/gcc/arm-none-eabi/10.3.1/../../../../arm-none-eabi/lib/thumb/v7-m/nofp\libc_nano.a(lib_a-lock.o)
                0x20000449                __lock___sfp_recursive_mutex
 .bss.__lock___sinit_recursive_mutex
                0x2000044a        0x1 c:/users/84935/stm32f103c8t6/tools/gcc-arm-none-eabi-10.3-2021.10-win32/gcc-arm-none-eabi-10.3-2021.10/bin/../lib/gcc/arm-none-eabi/10.3.1/../../../../arm-none-eabi/lib/thumb/v7-m/nofp\libc_nano.a(lib_a-lock.o)
                0x2000044a                __lock___sinit_recursive_mutex
 *fill*         0x2000044b        0x1 
 .bss.heap_end.0
                0x2000044c        0x4 c:/users/84935/stm32f103c8t6/tools/gcc-arm-none-eabi-10.3-2021.10-win32/gcc-arm-none-eabi-10.3-2021.10/bin/../lib/gcc/arm-none-eabi/10.3.1/../../../../arm-none-eabi/lib/thumb/v7-m/nofp\libnosys.a(sbrk.o)
 *(COMMON)
                0x20000450                . = ALIGN (0x4)
                0x20000450                _ebss = .
                0x20000450                __bss_end__ = _ebss

._user_heap_stack
                0x20000450      0x600 load address 0x080079f8
                0x20000450                . = ALIGN (0x8)
                0x20000450                PROVIDE (end = .)
                [!provide]                PROVIDE (_end = .)
                0x20000650                . = (. + _Min_Heap_Size)
 *fill*         0x20000450      0x200 
                0x20000a50                . = (. + _Min_Stack_Size)
 *fill*         0x20000650      0x400 
                0x20000a50                . = ALIGN (0x8)

/DISCARD/
 libc.a(*)
 libm.a(*)
 libgcc.a(*)

.ARM.attributes
                0x00000000       0x29
 *(.ARM.attributes)
 .ARM.attributes
                0x00000000       0x1d c:/users/84935/stm32f103c8t6/tools/gcc-arm-none-eabi-10.3-2021.10-win32/gcc-arm-none-eabi-10.3-2021.10/bin/../lib/gcc/arm-none-eabi/10.3.1/thumb/v7-m/nofp/crti.o
 .ARM.attributes
                0x0000001d       0x2d c:/users/84935/stm32f103c8t6/tools/gcc-arm-none-eabi-10.3-2021.10-win32/gcc-arm-none-eabi-10.3-2021.10/bin/../lib/gcc/arm-none-eabi/10.3.1/thumb/v7-m/nofp/crtbegin.o
 .ARM.attributes
                0x0000004a       0x2d build/main.o
 .ARM.attributes
                0x00000077       0x2d build/stm32f1xx_it.o
 .ARM.attributes
                0x000000a4       0x2d build/stm32f1xx_hal_msp.o
 .ARM.attributes
                0x000000d1       0x2d build/stm32f1xx_hal_tim.o
 .ARM.attributes
                0x000000fe       0x2d build/stm32f1xx_hal_tim_ex.o
 .ARM.attributes
                0x0000012b       0x2d build/stm32f1xx_hal.o
 .ARM.attributes
                0x00000158       0x2d build/stm32f1xx_hal_rcc.o
 .ARM.attributes
                0x00000185       0x2d build/stm32f1xx_hal_gpio.o
 .ARM.attributes
                0x000001b2       0x2d build/stm32f1xx_hal_dma.o
 .ARM.attributes
                0x000001df       0x2d build/stm32f1xx_hal_cortex.o
 .ARM.attributes
                0x0000020c       0x2d build/stm32f1xx_hal_uart.o
 .ARM.attributes
                0x00000239       0x2d build/system_stm32f1xx.o
 .ARM.attributes
                0x00000266       0x2d build/Fuzzy_motor.o
 .ARM.attributes
                0x00000293       0x2d build/Fuzzy_motor_cfg.o
 .ARM.attributes
                0x000002c0       0x2d build/STM32_UART.o
 .ARM.attributes
                0x000002ed       0x21 build/startup_stm32f103xb.o
 .ARM.attributes
                0x0000030e       0x2d c:/users/84935/stm32f103c8t6/tools/gcc-arm-none-eabi-10.3-2021.10-win32/gcc-arm-none-eabi-10.3-2021.10/bin/../lib/gcc/arm-none-eabi/10.3.1/../../../../arm-none-eabi/lib/thumb/v7-m/nofp\libc_nano.a(lib_a-atoi.o)
 .ARM.attributes
                0x0000033b       0x2d c:/users/84935/stm32f103c8t6/tools/gcc-arm-none-eabi-10.3-2021.10-win32/gcc-arm-none-eabi-10.3-2021.10/bin/../lib/gcc/arm-none-eabi/10.3.1/../../../../arm-none-eabi/lib/thumb/v7-m/nofp\libc_nano.a(lib_a-impure.o)
 .ARM.attributes
                0x00000368       0x2d c:/users/84935/stm32f103c8t6/tools/gcc-arm-none-eabi-10.3-2021.10-win32/gcc-arm-none-eabi-10.3-2021.10/bin/../lib/gcc/arm-none-eabi/10.3.1/../../../../arm-none-eabi/lib/thumb/v7-m/nofp\libc_nano.a(lib_a-init.o)
 .ARM.attributes
                0x00000395       0x2d c:/users/84935/stm32f103c8t6/tools/gcc-arm-none-eabi-10.3-2021.10-win32/gcc-arm-none-eabi-10.3-2021.10/bin/../lib/gcc/arm-none-eabi/10.3.1/../../../../arm-none-eabi/lib/thumb/v7-m/nofp\libc_nano.a(lib_a-malloc.o)
 .ARM.attributes
                0x000003c2       0x2d c:/users/84935/stm32f103c8t6/tools/gcc-arm-none-eabi-10.3-2021.10-win32/gcc-arm-none-eabi-10.3-2021.10/bin/../lib/gcc/arm-none-eabi/10.3.1/../../../../arm-none-eabi/lib/thumb/v7-m/nofp\libc_nano.a(lib_a-memset.o)
 .ARM.attributes
                0x000003ef       0x2d c:/users/84935/stm32f103c8t6/tools/gcc-arm-none-eabi-10.3-2021.10-win32/gcc-arm-none-eabi-10.3-2021.10/bin/../lib/gcc/arm-none-eabi/10.3.1/../../../../arm-none-eabi/lib/thumb/v7-m/nofp\libc_nano.a(lib_a-nano-freer.o)
 .ARM.attributes
                0x0000041c       0x2d c:/users/84935/stm32f103c8t6/tools/gcc-arm-none-eabi-10.3-2021.10-win32/gcc-arm-none-eabi-10.3-2021.10/bin/../lib/gcc/arm-none-eabi/10.3.1/../../../../arm-none-eabi/lib/thumb/v7-m/nofp\libc_nano.a(lib_a-nano-mallocr.o)
 .ARM.attributes
                0x00000449       0x2d c:/users/84935/stm32f103c8t6/tools/gcc-arm-none-eabi-10.3-2021.10-win32/gcc-arm-none-eabi-10.3-2021.10/bin/../lib/gcc/arm-none-eabi/10.3.1/../../../../arm-none-eabi/lib/thumb/v7-m/nofp\libc_nano.a(lib_a-nano-vfprintf_float.o)
 .ARM.attributes
                0x00000476       0x2d c:/users/84935/stm32f103c8t6/tools/gcc-arm-none-eabi-10.3-2021.10-win32/gcc-arm-none-eabi-10.3-2021.10/bin/../lib/gcc/arm-none-eabi/10.3.1/../../../../arm-none-eabi/lib/thumb/v7-m/nofp\libc_nano.a(lib_a-nano-vfprintf_i.o)
 .ARM.attributes
                0x000004a3       0x2d c:/users/84935/stm32f103c8t6/tools/gcc-arm-none-eabi-10.3-2021.10-win32/gcc-arm-none-eabi-10.3-2021.10/bin/../lib/gcc/arm-none-eabi/10.3.1/../../../../arm-none-eabi/lib/thumb/v7-m/nofp\libc_nano.a(lib_a-sbrkr.o)
 .ARM.attributes
                0x000004d0       0x2d c:/users/84935/stm32f103c8t6/tools/gcc-arm-none-eabi-10.3-2021.10-win32/gcc-arm-none-eabi-10.3-2021.10/bin/../lib/gcc/arm-none-eabi/10.3.1/../../../../arm-none-eabi/lib/thumb/v7-m/nofp\libc_nano.a(lib_a-sprintf.o)
 .ARM.attributes
                0x000004fd       0x2d c:/users/84935/stm32f103c8t6/tools/gcc-arm-none-eabi-10.3-2021.10-win32/gcc-arm-none-eabi-10.3-2021.10/bin/../lib/gcc/arm-none-eabi/10.3.1/../../../../arm-none-eabi/lib/thumb/v7-m/nofp\libc_nano.a(lib_a-strcpy.o)
 .ARM.attributes
                0x0000052a       0x17 c:/users/84935/stm32f103c8t6/tools/gcc-arm-none-eabi-10.3-2021.10-win32/gcc-arm-none-eabi-10.3-2021.10/bin/../lib/gcc/arm-none-eabi/10.3.1/../../../../arm-none-eabi/lib/thumb/v7-m/nofp\libc_nano.a(lib_a-strlen.o)
 .ARM.attributes
                0x00000541       0x2d c:/users/84935/stm32f103c8t6/tools/gcc-arm-none-eabi-10.3-2021.10-win32/gcc-arm-none-eabi-10.3-2021.10/bin/../lib/gcc/arm-none-eabi/10.3.1/../../../../arm-none-eabi/lib/thumb/v7-m/nofp\libc_nano.a(lib_a-strtok_r.o)
 .ARM.attributes
                0x0000056e       0x2d c:/users/84935/stm32f103c8t6/tools/gcc-arm-none-eabi-10.3-2021.10-win32/gcc-arm-none-eabi-10.3-2021.10/bin/../lib/gcc/arm-none-eabi/10.3.1/../../../../arm-none-eabi/lib/thumb/v7-m/nofp\libc_nano.a(lib_a-strtol.o)
 .ARM.attributes
                0x0000059b       0x2d c:/users/84935/stm32f103c8t6/tools/gcc-arm-none-eabi-10.3-2021.10-win32/gcc-arm-none-eabi-10.3-2021.10/bin/../lib/gcc/arm-none-eabi/10.3.1/../../../../arm-none-eabi/lib/thumb/v7-m/nofp\libc_nano.a(lib_a-ctype_.o)
 .ARM.attributes
                0x000005c8       0x2d c:/users/84935/stm32f103c8t6/tools/gcc-arm-none-eabi-10.3-2021.10-win32/gcc-arm-none-eabi-10.3-2021.10/bin/../lib/gcc/arm-none-eabi/10.3.1/../../../../arm-none-eabi/lib/thumb/v7-m/nofp\libc_nano.a(lib_a-dtoa.o)
 .ARM.attributes
                0x000005f5       0x2d c:/users/84935/stm32f103c8t6/tools/gcc-arm-none-eabi-10.3-2021.10-win32/gcc-arm-none-eabi-10.3-2021.10/bin/../lib/gcc/arm-none-eabi/10.3.1/../../../../arm-none-eabi/lib/thumb/v7-m/nofp\libc_nano.a(lib_a-errno.o)
 .ARM.attributes
                0x00000622       0x2d c:/users/84935/stm32f103c8t6/tools/gcc-arm-none-eabi-10.3-2021.10-win32/gcc-arm-none-eabi-10.3-2021.10/bin/../lib/gcc/arm-none-eabi/10.3.1/../../../../arm-none-eabi/lib/thumb/v7-m/nofp\libc_nano.a(lib_a-localeconv.o)
 .ARM.attributes
                0x0000064f       0x2d c:/users/84935/stm32f103c8t6/tools/gcc-arm-none-eabi-10.3-2021.10-win32/gcc-arm-none-eabi-10.3-2021.10/bin/../lib/gcc/arm-none-eabi/10.3.1/../../../../arm-none-eabi/lib/thumb/v7-m/nofp\libc_nano.a(lib_a-memchr-stub.o)
 .ARM.attributes
                0x0000067c       0x2d c:/users/84935/stm32f103c8t6/tools/gcc-arm-none-eabi-10.3-2021.10-win32/gcc-arm-none-eabi-10.3-2021.10/bin/../lib/gcc/arm-none-eabi/10.3.1/../../../../arm-none-eabi/lib/thumb/v7-m/nofp\libc_nano.a(lib_a-memcpy-stub.o)
 .ARM.attributes
                0x000006a9       0x2d c:/users/84935/stm32f103c8t6/tools/gcc-arm-none-eabi-10.3-2021.10-win32/gcc-arm-none-eabi-10.3-2021.10/bin/../lib/gcc/arm-none-eabi/10.3.1/../../../../arm-none-eabi/lib/thumb/v7-m/nofp\libc_nano.a(lib_a-mlock.o)
 .ARM.attributes
                0x000006d6       0x2d c:/users/84935/stm32f103c8t6/tools/gcc-arm-none-eabi-10.3-2021.10-win32/gcc-arm-none-eabi-10.3-2021.10/bin/../lib/gcc/arm-none-eabi/10.3.1/../../../../arm-none-eabi/lib/thumb/v7-m/nofp\libc_nano.a(lib_a-mprec.o)
 .ARM.attributes
                0x00000703       0x2d c:/users/84935/stm32f103c8t6/tools/gcc-arm-none-eabi-10.3-2021.10-win32/gcc-arm-none-eabi-10.3-2021.10/bin/../lib/gcc/arm-none-eabi/10.3.1/../../../../arm-none-eabi/lib/thumb/v7-m/nofp\libc_nano.a(lib_a-nano-callocr.o)
 .ARM.attributes
                0x00000730       0x2d c:/users/84935/stm32f103c8t6/tools/gcc-arm-none-eabi-10.3-2021.10-win32/gcc-arm-none-eabi-10.3-2021.10/bin/../lib/gcc/arm-none-eabi/10.3.1/../../../../arm-none-eabi/lib/thumb/v7-m/nofp\libc_nano.a(lib_a-nano-svfprintf.o)
 .ARM.attributes
                0x0000075d       0x2d c:/users/84935/stm32f103c8t6/tools/gcc-arm-none-eabi-10.3-2021.10-win32/gcc-arm-none-eabi-10.3-2021.10/bin/../lib/gcc/arm-none-eabi/10.3.1/../../../../arm-none-eabi/lib/thumb/v7-m/nofp\libc_nano.a(lib_a-reent.o)
 .ARM.attributes
                0x0000078a       0x2d c:/users/84935/stm32f103c8t6/tools/gcc-arm-none-eabi-10.3-2021.10-win32/gcc-arm-none-eabi-10.3-2021.10/bin/../lib/gcc/arm-none-eabi/10.3.1/../../../../arm-none-eabi/lib/thumb/v7-m/nofp\libc_nano.a(lib_a-assert.o)
 .ARM.attributes
                0x000007b7       0x2d c:/users/84935/stm32f103c8t6/tools/gcc-arm-none-eabi-10.3-2021.10-win32/gcc-arm-none-eabi-10.3-2021.10/bin/../lib/gcc/arm-none-eabi/10.3.1/../../../../arm-none-eabi/lib/thumb/v7-m/nofp\libc_nano.a(lib_a-fprintf.o)
 .ARM.attributes
                0x000007e4       0x2d c:/users/84935/stm32f103c8t6/tools/gcc-arm-none-eabi-10.3-2021.10-win32/gcc-arm-none-eabi-10.3-2021.10/bin/../lib/gcc/arm-none-eabi/10.3.1/../../../../arm-none-eabi/lib/thumb/v7-m/nofp\libc_nano.a(lib_a-locale.o)
 .ARM.attributes
                0x00000811       0x2d c:/users/84935/stm32f103c8t6/tools/gcc-arm-none-eabi-10.3-2021.10-win32/gcc-arm-none-eabi-10.3-2021.10/bin/../lib/gcc/arm-none-eabi/10.3.1/../../../../arm-none-eabi/lib/thumb/v7-m/nofp\libc_nano.a(lib_a-lock.o)
 .ARM.attributes
                0x0000083e       0x2d c:/users/84935/stm32f103c8t6/tools/gcc-arm-none-eabi-10.3-2021.10-win32/gcc-arm-none-eabi-10.3-2021.10/bin/../lib/gcc/arm-none-eabi/10.3.1/../../../../arm-none-eabi/lib/thumb/v7-m/nofp\libc_nano.a(lib_a-mbtowc_r.o)
 .ARM.attributes
                0x0000086b       0x2d c:/users/84935/stm32f103c8t6/tools/gcc-arm-none-eabi-10.3-2021.10-win32/gcc-arm-none-eabi-10.3-2021.10/bin/../lib/gcc/arm-none-eabi/10.3.1/../../../../arm-none-eabi/lib/thumb/v7-m/nofp\libc_nano.a(lib_a-memmove.o)
 .ARM.attributes
                0x00000898       0x2d c:/users/84935/stm32f103c8t6/tools/gcc-arm-none-eabi-10.3-2021.10-win32/gcc-arm-none-eabi-10.3-2021.10/bin/../lib/gcc/arm-none-eabi/10.3.1/../../../../arm-none-eabi/lib/thumb/v7-m/nofp\libc_nano.a(lib_a-nano-reallocr.o)
 .ARM.attributes
                0x000008c5       0x2d c:/users/84935/stm32f103c8t6/tools/gcc-arm-none-eabi-10.3-2021.10-win32/gcc-arm-none-eabi-10.3-2021.10/bin/../lib/gcc/arm-none-eabi/10.3.1/../../../../arm-none-eabi/lib/thumb/v7-m/nofp\libc_nano.a(lib_a-nano-vfprintf.o)
 .ARM.attributes
                0x000008f2       0x2d c:/users/84935/stm32f103c8t6/tools/gcc-arm-none-eabi-10.3-2021.10-win32/gcc-arm-none-eabi-10.3-2021.10/bin/../lib/gcc/arm-none-eabi/10.3.1/../../../../arm-none-eabi/lib/thumb/v7-m/nofp\libc_nano.a(lib_a-wbuf.o)
 .ARM.attributes
                0x0000091f       0x2d c:/users/84935/stm32f103c8t6/tools/gcc-arm-none-eabi-10.3-2021.10-win32/gcc-arm-none-eabi-10.3-2021.10/bin/../lib/gcc/arm-none-eabi/10.3.1/../../../../arm-none-eabi/lib/thumb/v7-m/nofp\libc_nano.a(lib_a-wctomb_r.o)
 .ARM.attributes
                0x0000094c       0x2d c:/users/84935/stm32f103c8t6/tools/gcc-arm-none-eabi-10.3-2021.10-win32/gcc-arm-none-eabi-10.3-2021.10/bin/../lib/gcc/arm-none-eabi/10.3.1/../../../../arm-none-eabi/lib/thumb/v7-m/nofp\libc_nano.a(lib_a-wsetup.o)
 .ARM.attributes
                0x00000979       0x2d c:/users/84935/stm32f103c8t6/tools/gcc-arm-none-eabi-10.3-2021.10-win32/gcc-arm-none-eabi-10.3-2021.10/bin/../lib/gcc/arm-none-eabi/10.3.1/../../../../arm-none-eabi/lib/thumb/v7-m/nofp\libc_nano.a(lib_a-abort.o)
 .ARM.attributes
                0x000009a6       0x2d c:/users/84935/stm32f103c8t6/tools/gcc-arm-none-eabi-10.3-2021.10-win32/gcc-arm-none-eabi-10.3-2021.10/bin/../lib/gcc/arm-none-eabi/10.3.1/../../../../arm-none-eabi/lib/thumb/v7-m/nofp\libc_nano.a(lib_a-fflush.o)
 .ARM.attributes
                0x000009d3       0x2d c:/users/84935/stm32f103c8t6/tools/gcc-arm-none-eabi-10.3-2021.10-win32/gcc-arm-none-eabi-10.3-2021.10/bin/../lib/gcc/arm-none-eabi/10.3.1/../../../../arm-none-eabi/lib/thumb/v7-m/nofp\libc_nano.a(lib_a-findfp.o)
 .ARM.attributes
                0x00000a00       0x2d c:/users/84935/stm32f103c8t6/tools/gcc-arm-none-eabi-10.3-2021.10-win32/gcc-arm-none-eabi-10.3-2021.10/bin/../lib/gcc/arm-none-eabi/10.3.1/../../../../arm-none-eabi/lib/thumb/v7-m/nofp\libc_nano.a(lib_a-fwalk.o)
 .ARM.attributes
                0x00000a2d       0x2d c:/users/84935/stm32f103c8t6/tools/gcc-arm-none-eabi-10.3-2021.10-win32/gcc-arm-none-eabi-10.3-2021.10/bin/../lib/gcc/arm-none-eabi/10.3.1/../../../../arm-none-eabi/lib/thumb/v7-m/nofp\libc_nano.a(lib_a-makebuf.o)
 .ARM.attributes
                0x00000a5a       0x2d c:/users/84935/stm32f103c8t6/tools/gcc-arm-none-eabi-10.3-2021.10-win32/gcc-arm-none-eabi-10.3-2021.10/bin/../lib/gcc/arm-none-eabi/10.3.1/../../../../arm-none-eabi/lib/thumb/v7-m/nofp\libc_nano.a(lib_a-nano-msizer.o)
 .ARM.attributes
                0x00000a87       0x2d c:/users/84935/stm32f103c8t6/tools/gcc-arm-none-eabi-10.3-2021.10-win32/gcc-arm-none-eabi-10.3-2021.10/bin/../lib/gcc/arm-none-eabi/10.3.1/../../../../arm-none-eabi/lib/thumb/v7-m/nofp\libc_nano.a(lib_a-signal.o)
 .ARM.attributes
                0x00000ab4       0x2d c:/users/84935/stm32f103c8t6/tools/gcc-arm-none-eabi-10.3-2021.10-win32/gcc-arm-none-eabi-10.3-2021.10/bin/../lib/gcc/arm-none-eabi/10.3.1/../../../../arm-none-eabi/lib/thumb/v7-m/nofp\libc_nano.a(lib_a-signalr.o)
 .ARM.attributes
                0x00000ae1       0x2d c:/users/84935/stm32f103c8t6/tools/gcc-arm-none-eabi-10.3-2021.10-win32/gcc-arm-none-eabi-10.3-2021.10/bin/../lib/gcc/arm-none-eabi/10.3.1/../../../../arm-none-eabi/lib/thumb/v7-m/nofp\libc_nano.a(lib_a-stdio.o)
 .ARM.attributes
                0x00000b0e       0x2d c:/users/84935/stm32f103c8t6/tools/gcc-arm-none-eabi-10.3-2021.10-win32/gcc-arm-none-eabi-10.3-2021.10/bin/../lib/gcc/arm-none-eabi/10.3.1/../../../../arm-none-eabi/lib/thumb/v7-m/nofp\libc_nano.a(lib_a-writer.o)
 .ARM.attributes
                0x00000b3b       0x2d c:/users/84935/stm32f103c8t6/tools/gcc-arm-none-eabi-10.3-2021.10-win32/gcc-arm-none-eabi-10.3-2021.10/bin/../lib/gcc/arm-none-eabi/10.3.1/../../../../arm-none-eabi/lib/thumb/v7-m/nofp\libc_nano.a(lib_a-closer.o)
 .ARM.attributes
                0x00000b68       0x2d c:/users/84935/stm32f103c8t6/tools/gcc-arm-none-eabi-10.3-2021.10-win32/gcc-arm-none-eabi-10.3-2021.10/bin/../lib/gcc/arm-none-eabi/10.3.1/../../../../arm-none-eabi/lib/thumb/v7-m/nofp\libc_nano.a(lib_a-fstatr.o)
 .ARM.attributes
                0x00000b95       0x2d c:/users/84935/stm32f103c8t6/tools/gcc-arm-none-eabi-10.3-2021.10-win32/gcc-arm-none-eabi-10.3-2021.10/bin/../lib/gcc/arm-none-eabi/10.3.1/../../../../arm-none-eabi/lib/thumb/v7-m/nofp\libc_nano.a(lib_a-isattyr.o)
 .ARM.attributes
                0x00000bc2       0x2d c:/users/84935/stm32f103c8t6/tools/gcc-arm-none-eabi-10.3-2021.10-win32/gcc-arm-none-eabi-10.3-2021.10/bin/../lib/gcc/arm-none-eabi/10.3.1/../../../../arm-none-eabi/lib/thumb/v7-m/nofp\libc_nano.a(lib_a-lseekr.o)
 .ARM.attributes
                0x00000bef       0x2d c:/users/84935/stm32f103c8t6/tools/gcc-arm-none-eabi-10.3-2021.10-win32/gcc-arm-none-eabi-10.3-2021.10/bin/../lib/gcc/arm-none-eabi/10.3.1/../../../../arm-none-eabi/lib/thumb/v7-m/nofp\libc_nano.a(lib_a-readr.o)
 .ARM.attributes
                0x00000c1c       0x2d c:/users/84935/stm32f103c8t6/tools/gcc-arm-none-eabi-10.3-2021.10-win32/gcc-arm-none-eabi-10.3-2021.10/bin/../lib/gcc/arm-none-eabi/10.3.1/../../../../arm-none-eabi/lib/thumb/v7-m/nofp\libnosys.a(close.o)
 .ARM.attributes
                0x00000c49       0x2d c:/users/84935/stm32f103c8t6/tools/gcc-arm-none-eabi-10.3-2021.10-win32/gcc-arm-none-eabi-10.3-2021.10/bin/../lib/gcc/arm-none-eabi/10.3.1/../../../../arm-none-eabi/lib/thumb/v7-m/nofp\libnosys.a(fstat.o)
 .ARM.attributes
                0x00000c76       0x2d c:/users/84935/stm32f103c8t6/tools/gcc-arm-none-eabi-10.3-2021.10-win32/gcc-arm-none-eabi-10.3-2021.10/bin/../lib/gcc/arm-none-eabi/10.3.1/../../../../arm-none-eabi/lib/thumb/v7-m/nofp\libnosys.a(getpid.o)
 .ARM.attributes
                0x00000ca3       0x2d c:/users/84935/stm32f103c8t6/tools/gcc-arm-none-eabi-10.3-2021.10-win32/gcc-arm-none-eabi-10.3-2021.10/bin/../lib/gcc/arm-none-eabi/10.3.1/../../../../arm-none-eabi/lib/thumb/v7-m/nofp\libnosys.a(isatty.o)
 .ARM.attributes